Component: ARM Compiler 5.06 update 7 (build 960) Tool: armlink [4d3601]

==============================================================================

Section Cross References

    startup_stm32f10x_md.o(STACK) refers (Special) to heapauxi.o(.text) for __use_two_region_memory
    startup_stm32f10x_md.o(HEAP) refers (Special) to heapauxi.o(.text) for __use_two_region_memory
    startup_stm32f10x_md.o(RESET) refers (Special) to heapauxi.o(.text) for __use_two_region_memory
    startup_stm32f10x_md.o(RESET) refers to startup_stm32f10x_md.o(STACK) for __initial_sp
    startup_stm32f10x_md.o(RESET) refers to startup_stm32f10x_md.o(.text) for Reset_Handler
    startup_stm32f10x_md.o(RESET) refers to stm32f10x_it.o(i.NMI_Handler) for NMI_Handler
    startup_stm32f10x_md.o(RESET) refers to stm32f10x_it.o(i.HardFault_Handler) for HardFault_Handler
    startup_stm32f10x_md.o(RESET) refers to stm32f10x_it.o(i.MemManage_Handler) for MemManage_Handler
    startup_stm32f10x_md.o(RESET) refers to stm32f10x_it.o(i.BusFault_Handler) for BusFault_Handler
    startup_stm32f10x_md.o(RESET) refers to stm32f10x_it.o(i.UsageFault_Handler) for UsageFault_Handler
    startup_stm32f10x_md.o(RESET) refers to stm32f10x_it.o(i.SVC_Handler) for SVC_Handler
    startup_stm32f10x_md.o(RESET) refers to stm32f10x_it.o(i.DebugMon_Handler) for DebugMon_Handler
    startup_stm32f10x_md.o(RESET) refers to stm32f10x_it.o(i.PendSV_Handler) for PendSV_Handler
    startup_stm32f10x_md.o(RESET) refers to stm32f10x_it.o(i.SysTick_Handler) for SysTick_Handler
    startup_stm32f10x_md.o(RESET) refers to time1.o(i.TIM1_UP_IRQHandler) for TIM1_UP_IRQHandler
    startup_stm32f10x_md.o(RESET) refers to bluetooth.o(i.USART3_IRQHandler) for USART3_IRQHandler
    startup_stm32f10x_md.o(.text) refers (Special) to heapauxi.o(.text) for __use_two_region_memory
    startup_stm32f10x_md.o(.text) refers to system_stm32f10x.o(i.SystemInit) for SystemInit
    startup_stm32f10x_md.o(.text) refers to __main.o(!!!main) for __main
    startup_stm32f10x_md.o(.text) refers to startup_stm32f10x_md.o(HEAP) for Heap_Mem
    startup_stm32f10x_md.o(.text) refers to startup_stm32f10x_md.o(STACK) for Stack_Mem
    system_stm32f10x.o(i.SetSysClock) refers to system_stm32f10x.o(i.SetSysClockTo72) for SetSysClockTo72
    system_stm32f10x.o(i.SystemCoreClockUpdate) refers to system_stm32f10x.o(.data) for SystemCoreClock
    system_stm32f10x.o(i.SystemInit) refers to system_stm32f10x.o(i.SetSysClock) for SetSysClock
    stm32f10x_adc.o(i.ADC_DeInit) refers to stm32f10x_rcc.o(i.RCC_APB2PeriphResetCmd) for RCC_APB2PeriphResetCmd
    stm32f10x_bkp.o(i.BKP_DeInit) refers to stm32f10x_rcc.o(i.RCC_BackupResetCmd) for RCC_BackupResetCmd
    stm32f10x_can.o(i.CAN_DeInit) refers to stm32f10x_rcc.o(i.RCC_APB1PeriphResetCmd) for RCC_APB1PeriphResetCmd
    stm32f10x_can.o(i.CAN_GetITStatus) refers to stm32f10x_can.o(i.CheckITStatus) for CheckITStatus
    stm32f10x_cec.o(i.CEC_DeInit) refers to stm32f10x_rcc.o(i.RCC_APB1PeriphResetCmd) for RCC_APB1PeriphResetCmd
    stm32f10x_dac.o(i.DAC_DeInit) refers to stm32f10x_rcc.o(i.RCC_APB1PeriphResetCmd) for RCC_APB1PeriphResetCmd
    stm32f10x_flash.o(i.FLASH_EnableWriteProtection) refers to stm32f10x_flash.o(i.FLASH_WaitForLastOperation) for FLASH_WaitForLastOperation
    stm32f10x_flash.o(i.FLASH_EraseAllBank1Pages) refers to stm32f10x_flash.o(i.FLASH_WaitForLastBank1Operation) for FLASH_WaitForLastBank1Operation
    stm32f10x_flash.o(i.FLASH_EraseAllPages) refers to stm32f10x_flash.o(i.FLASH_WaitForLastOperation) for FLASH_WaitForLastOperation
    stm32f10x_flash.o(i.FLASH_EraseOptionBytes) refers to stm32f10x_flash.o(i.FLASH_GetReadOutProtectionStatus) for FLASH_GetReadOutProtectionStatus
    stm32f10x_flash.o(i.FLASH_EraseOptionBytes) refers to stm32f10x_flash.o(i.FLASH_WaitForLastOperation) for FLASH_WaitForLastOperation
    stm32f10x_flash.o(i.FLASH_ErasePage) refers to stm32f10x_flash.o(i.FLASH_WaitForLastOperation) for FLASH_WaitForLastOperation
    stm32f10x_flash.o(i.FLASH_ProgramHalfWord) refers to stm32f10x_flash.o(i.FLASH_WaitForLastOperation) for FLASH_WaitForLastOperation
    stm32f10x_flash.o(i.FLASH_ProgramOptionByteData) refers to stm32f10x_flash.o(i.FLASH_WaitForLastOperation) for FLASH_WaitForLastOperation
    stm32f10x_flash.o(i.FLASH_ProgramWord) refers to stm32f10x_flash.o(i.FLASH_WaitForLastOperation) for FLASH_WaitForLastOperation
    stm32f10x_flash.o(i.FLASH_ReadOutProtection) refers to stm32f10x_flash.o(i.FLASH_WaitForLastOperation) for FLASH_WaitForLastOperation
    stm32f10x_flash.o(i.FLASH_UserOptionByteConfig) refers to stm32f10x_flash.o(i.FLASH_WaitForLastOperation) for FLASH_WaitForLastOperation
    stm32f10x_flash.o(i.FLASH_WaitForLastBank1Operation) refers to stm32f10x_flash.o(i.FLASH_GetBank1Status) for FLASH_GetBank1Status
    stm32f10x_flash.o(i.FLASH_WaitForLastOperation) refers to stm32f10x_flash.o(i.FLASH_GetBank1Status) for FLASH_GetBank1Status
[...]
    i.mpu_set_bypass                         0x080049e8   Section        0  inv_mpu.o(i.mpu_set_bypass)
    i.mpu_set_dmp_state                      0x08004b34   Section        0  inv_mpu.o(i.mpu_set_dmp_state)
    i.mpu_set_gyro_fsr                       0x08004bc4   Section        0  inv_mpu.o(i.mpu_set_gyro_fsr)
    i.mpu_set_int_latched                    0x08004c4c   Section        0  inv_mpu.o(i.mpu_set_int_latched)
    i.mpu_set_lpf                            0x08004cb8   Section        0  inv_mpu.o(i.mpu_set_lpf)
    i.mpu_set_sample_rate                    0x08004d3c   Section        0  inv_mpu.o(i.mpu_set_sample_rate)
    i.mpu_set_sensors                        0x08004dd8   Section        0  inv_mpu.o(i.mpu_set_sensors)
    i.mpu_write_mem                          0x08004ea8   Section        0  inv_mpu.o(i.mpu_write_mem)
    i.run_self_test                          0x08004f28   Section        0  inv_mpu.o(i.run_self_test)
    i.set_int_enable                         0x08004fc0   Section        0  inv_mpu.o(i.set_int_enable)
    set_int_enable                           0x08004fc1   Thumb Code   138  inv_mpu.o(i.set_int_enable)
    i.sqrt                                   0x08005050   Section        0  sqrt.o(i.sqrt)
    i.sudu                                   0x0800509c   Section        0  motor.o(i.sudu)
    i.zhili                                  0x080051c8   Section        0  motor.o(i.zhili)
    i.zhuan                                  0x08005214   Section        0  motor.o(i.zhuan)
    x$fpl$d2f                                0x08005264   Section       98  d2f.o(x$fpl$d2f)
    x$fpl$dadd                               0x080052c8   Section      336  daddsub_clz.o(x$fpl$dadd)
    _dadd1                                   0x080052d9   Thumb Code     0  daddsub_clz.o(x$fpl$dadd)
    x$fpl$dcheck1                            0x08005418   Section       16  dcheck1.o(x$fpl$dcheck1)
    x$fpl$dcmpinf                            0x08005428   Section       24  dcmpi.o(x$fpl$dcmpinf)
    x$fpl$ddiv                               0x08005440   Section      688  ddiv.o(x$fpl$ddiv)
    ddiv_entry                               0x08005447   Thumb Code     0  ddiv.o(x$fpl$ddiv)
    x$fpl$deqf                               0x080056f0   Section      120  deqf.o(x$fpl$deqf)
    x$fpl$dfix                               0x08005768   Section       94  dfix.o(x$fpl$dfix)
    x$fpl$dflt                               0x080057c6   Section       46  dflt_clz.o(x$fpl$dflt)
    x$fpl$dmul                               0x080057f4   Section      340  dmul.o(x$fpl$dmul)
    x$fpl$dnaninf                            0x08005948   Section      156  dnaninf.o(x$fpl$dnaninf)
    x$fpl$dretinf                            0x080059e4   Section       12  dretinf.o(x$fpl$dretinf)
    x$fpl$drsb                               0x080059f0   Section       22  daddsub_clz.o(x$fpl$drsb)
    x$fpl$dsqrt                              0x08005a08   Section      460  dsqrt_noumaal.o(x$fpl$dsqrt)
    x$fpl$dsub                               0x08005bd4   Section      468  daddsub_clz.o(x$fpl$dsub)
    _dsub1                                   0x08005be5   Thumb Code     0  daddsub_clz.o(x$fpl$dsub)
    x$fpl$f2d                                0x08005da8   Section       86  f2d.o(x$fpl$f2d)
    x$fpl$fadd                               0x08005e00   Section      196  faddsub_clz.o(x$fpl$fadd)
    _fadd1                                   0x08005e0f   Thumb Code     0  faddsub_clz.o(x$fpl$fadd)
    x$fpl$fcmpinf                            0x08005ec4   Section       24  fcmpi.o(x$fpl$fcmpinf)
    x$fpl$fdiv                               0x08005edc   Section      388  fdiv.o(x$fpl$fdiv)
    _fdiv1                                   0x08005edd   Thumb Code     0  fdiv.o(x$fpl$fdiv)
    x$fpl$feqf                               0x08006060   Section      104  feqf.o(x$fpl$feqf)
    x$fpl$ffix                               0x080060c8   Section       54  ffix.o(x$fpl$ffix)
    x$fpl$ffixu                              0x08006100   Section       62  ffixu.o(x$fpl$ffixu)
    x$fpl$fflt                               0x08006140   Section       48  fflt_clz.o(x$fpl$fflt)
    x$fpl$ffltu                              0x08006170   Section       38  fflt_clz.o(x$fpl$ffltu)
    x$fpl$fleqf                              0x08006198   Section      104  fleqf.o(x$fpl$fleqf)
    x$fpl$fmul                               0x08006200   Section      258  fmul.o(x$fpl$fmul)
    x$fpl$fnaninf                            0x08006302   Section      140  fnaninf.o(x$fpl$fnaninf)
    x$fpl$fretinf                            0x0800638e   Section       10  fretinf.o(x$fpl$fretinf)
    x$fpl$frleqf                             0x08006398   Section       98  frleqf.o(x$fpl$frleqf)
    x$fpl$frsb                               0x080063fa   Section       20  faddsub_clz.o(x$fpl$frsb)
    x$fpl$fsub                               0x08006410   Section      234  faddsub_clz.o(x$fpl$fsub)
    _fsub1                                   0x0800641f   Thumb Code     0  faddsub_clz.o(x$fpl$fsub)
    x$fpl$retnan                             0x080064fa   Section      100  retnan.o(x$fpl$retnan)
    x$fpl$scalbn                             0x0800655e   Section       92  scalbn.o(x$fpl$scalbn)
    x$fpl$trapveneer                         0x080065ba   Section       48  trapv.o(x$fpl$trapveneer)
    .constdata                               0x080065ea   Section     1520  oled.o(.constdata)
    x$fpl$usenofp                            0x080065ea   Section        0  usenofp.o(x$fpl$usenofp)
    .constdata                               0x08006bdc   Section       80  inv_mpu.o(.constdata)
    .constdata                               0x08006c2c   Section     3062  inv_mpu_dmp_motion_driver.o(.constdata)
    dmp_memory                               0x08006c2c   Data        3062  inv_mpu_dmp_motion_driver.o(.constdata)
    .constdata                               0x08007828   Section       80  asin.o(.constdata)
    pS                                       0x08007828   Data          48  asin.o(.constdata)
    qS                                       0x08007858   Data          32  asin.o(.constdata)
    .constdata                               0x08007878   Section      152  atan.o(.constdata)
    atanhi                                   0x08007878   Data          32  atan.o(.constdata)
    atanlo                                   0x08007898   Data          32  atan.o(.constdata)
    aTodd                                    0x080078b8   Data          40  atan.o(.constdata)
    aTeven                                   0x080078e0   Data          48  atan.o(.constdata)
    .constdata                               0x08007910   Section        8  qnan.o(.constdata)
    .data                                    0x20000000   Section       20  stm32f10x_rcc.o(.data)
    APBAHBPrescTable                         0x20000000   Data          16  stm32f10x_rcc.o(.data)
    ADCPrescTable                            0x20000010   Data           4  stm32f10x_rcc.o(.data)
    .data                                    0x20000014   Section       53  inv_mpu.o(.data)
    st                                       0x20000014   Data          44  inv_mpu.o(.data)
    gyro_orientation                         0x20000040   Data           9  inv_mpu.o(.data)
    .data                                    0x2000004c   Section      104  motor.o(.data)
    pwm_sudu                                 0x200000a4   Data           4  motor.o(.data)
    Encoder_Least                            0x200000a8   Data           4  motor.o(.data)
    Encoder                                  0x200000ac   Data           4  motor.o(.data)
    Encoder_Integral                         0x200000b0   Data           4  motor.o(.data)
    .data                                    0x200000b4   Section        4  time1.o(.data)
    .data                                    0x200000b8   Section        2  bluetooth.o(.data)
    .data                                    0x200000bc   Section        5  main.o(.data)
    .bss                                     0x200000c4   Section       16  inv_mpu_dmp_motion_driver.o(.bss)
    dmp                                      0x200000c4   Data          16  inv_mpu_dmp_motion_driver.o(.bss)
    .bss                                     0x200000d4   Section       96  libspace.o(.bss)
    HEAP                                     0x20000138   Section      512  startup_stm32f10x_md.o(HEAP)
    Heap_Mem                                 0x20000138   Data         512  startup_stm32f10x_md.o(HEAP)
    STACK                                    0x20000338   Section     1024  startup_stm32f10x_md.o(STACK)
    Stack_Mem                                0x20000338   Data        1024  startup_stm32f10x_md.o(STACK)
    __initial_sp                             0x20000738   Data           0  startup_stm32f10x_md.o(STACK)

    Global Symbols

    Symbol Name                              Value     Ov Type        Size  Object(Section)

    BuildAttributes$$THM_ISAv4$P$D$K$B$S$PE$A:L22UL41UL21$X:L11$S22US41US21$IEEE1$IW$USESV6$~STKCKD$USESV7$~SHL$OTIME$ROPI$IEEEX$EBA8$UX$STANDARDLIB$REQ8$PRES8$EABIv2 0x00000000   Number         0  anon$$obj.o ABSOLUTE
    __ARM_use_no_argv                        0x00000000   Number         0  main.o ABSOLUTE
    _printf_flags                            0x00000000   Number         0  printf_stubs.o ABSOLUTE
    _printf_return_value                     0x00000000   Number         0  printf_stubs.o ABSOLUTE
    _printf_sizespec                         0x00000000   Number         0  printf_stubs.o ABSOLUTE
    _printf_widthprec                        0x00000000   Number         0  printf_stubs.o ABSOLUTE
    __ARM_exceptions_init                     - Undefined Weak Reference
    __alloca_initialize                       - Undefined Weak Reference
    __arm_fini_                               - Undefined Weak Reference
    __arm_preinit_                            - Undefined Weak Reference
    __cpp_initialize__aeabi_                  - Undefined Weak Reference
    __cxa_finalize                            - Undefined Weak Reference
    __rt_locale                               - Undefined Weak Reference
    __sigvec_lookup                           - Undefined Weak Reference
    __user_heap_extent                        - Undefined Weak Reference
    _atexit_init                              - Undefined Weak Reference
    _call_atexit_fns                          - Undefined Weak Reference
    _clock_init                               - Undefined Weak Reference
    _fp_trap_init                             - Undefined Weak Reference
    _fp_trap_shutdown                         - Undefined Weak Reference
    _get_lc_collate                           - Undefined Weak Reference
    _get_lc_ctype                             - Undefined Weak Reference
    _get_lc_monetary                          - Undefined Weak Reference
    _get_lc_numeric                           - Undefined Weak Reference
    _get_lc_time                              - Undefined Weak Reference
    _getenv_init                              - Undefined Weak Reference
    _handle_redirection                       - Undefined Weak Reference
    _mutex_acquire                            - Undefined Weak Reference
    _mutex_free                               - Undefined Weak Reference
    _mutex_release                            - Undefined Weak Reference
    _printf_truncate_unsigned                 - Undefined Weak Reference
    _rand_init                                - Undefined Weak Reference
    _signal_finish                            - Undefined Weak Reference
    _signal_init                              - Undefined Weak Reference
    __Vectors_Size                           0x000000ec   Number         0  startup_stm32f10x_md.o ABSOLUTE
    __Vectors                                0x08000000   Data           4  startup_stm32f10x_md.o(RESET)
    __Vectors_End                            0x080000ec   Data           0  startup_stm32f10x_md.o(RESET)
    __main                                   0x080000ed   Thumb Code     8  __main.o(!!!main)
    __scatterload                            0x080000f5   Thumb Code     0  __scatter.o(!!!scatter)
    __scatterload_rt2                        0x080000f5   Thumb Code    44  __scatter.o(!!!scatter)
    __scatterload_rt2_thumb_only             0x080000f5   Thumb Code     0  __scatter.o(!!!scatter)
    __scatterload_null                       0x08000103   Thumb Code     0  __scatter.o(!!!scatter)
    __scatterload_copy                       0x08000129   Thumb Code    26  __scatter_copy.o(!!handler_copy)
    __scatterload_zeroinit                   0x08000145   Thumb Code    28  __scatter_zi.o(!!handler_zi)
    __rt_lib_init                            0x08000161   Thumb Code     0  libinit.o(.ARM.Collect$$libinit$$00000000)
    __rt_lib_init_alloca_1                   0x08000163   Thumb Code     0  libinit2.o(.ARM.Collect$$libinit$$0000002E)
    __rt_lib_init_argv_1                     0x08000163   Thumb Code     0  libinit2.o(.ARM.Collect$$libinit$$0000002C)
    __rt_lib_init_atexit_1                   0x08000163   Thumb Code     0  libinit2.o(.ARM.Collect$$libinit$$0000001B)
    __rt_lib_init_clock_1                    0x08000163   Thumb Code     0  libinit2.o(.ARM.Collect$$libinit$$00000021)
    __rt_lib_init_cpp_1                      0x08000163   Thumb Code     0  libinit2.o(.ARM.Collect$$libinit$$00000032)
    __rt_lib_init_exceptions_1               0x08000163   Thumb Code     0  libinit2.o(.ARM.Collect$$libinit$$00000030)
    __rt_lib_init_fp_1                       0x08000163   Thumb Code     0  libinit2.o(.ARM.Collect$$libinit$$00000002)
    __rt_lib_init_fp_trap_1                  0x08000163   Thumb Code     0  libinit2.o(.ARM.Collect$$libinit$$0000001F)
    __rt_lib_init_getenv_1                   0x08000163   Thumb Code     0  libinit2.o(.ARM.Collect$$libinit$$00000023)
    __rt_lib_init_heap_1                     0x08000163   Thumb Code     0  libinit2.o(.ARM.Collect$$libinit$$0000000A)
    __rt_lib_init_lc_collate_1               0x08000163   Thumb Code     0  libinit2.o(.ARM.Collect$$libinit$$00000011)
    __rt_lib_init_lc_ctype_1                 0x08000163   Thumb Code     0  libinit2.o(.ARM.Collect$$libinit$$00000013)
    __rt_lib_init_lc_monetary_1              0x08000163   Thumb Code     0  libinit2.o(.ARM.Collect$$libinit$$00000015)
    __rt_lib_init_lc_numeric_1               0x08000163   Thumb Code     0  libinit2.o(.ARM.Collect$$libinit$$00000017)
    __rt_lib_init_lc_time_1                  0x08000163   Thumb Code     0  libinit2.o(.ARM.Collect$$libinit$$00000019)
    __rt_lib_init_preinit_1                  0x08000163   Thumb Code     0  libinit2.o(.ARM.Collect$$libinit$$00000004)
    __rt_lib_init_rand_1                     0x08000163   Thumb Code     0  libinit2.o(.ARM.Collect$$libinit$$0000000E)
    __rt_lib_init_return                     0x08000163   Thumb Code     0  libinit2.o(.ARM.Collect$$libinit$$00000033)
    __rt_lib_init_signal_1                   0x08000163   Thumb Code     0  libinit2.o(.ARM.Collect$$libinit$$0000001D)
    __rt_lib_init_stdio_1                    0x08000163   Thumb Code     0  libinit2.o(.ARM.Collect$$libinit$$00000025)
    __rt_lib_init_user_alloc_1               0x08000163   Thumb Code     0  libinit2.o(.ARM.Collect$$libinit$$0000000C)
    __rt_lib_shutdown                        0x08000165   Thumb Code     0  libshutdown.o(.ARM.Collect$$libshutdown$$00000000)
    __rt_lib_shutdown_cpp_1                  0x08000167   Thumb Code     0  libshutdown2.o(.ARM.Collect$$libshutdown$$00000004)
    __rt_lib_shutdown_fini_1                 0x08000167   Thumb Code     0  libshutdown2.o(.ARM.Collect$$libshutdown$$00000002)
    __rt_lib_shutdown_fp_trap_1              0x08000167   Thumb Code     0  libshutdown2.o(.ARM.Collect$$libshutdown$$00000009)
    __rt_lib_shutdown_heap_1                 0x08000167   Thumb Code     0  libshutdown2.o(.ARM.Collect$$libshutdown$$00000011)
    __rt_lib_shutdown_return                 0x08000167   Thumb Code     0  libshutdown2.o(.ARM.Collect$$libshutdown$$00000012)
    __rt_lib_shutdown_signal_1               0x08000167   Thumb Code     0  libshutdown2.o(.ARM.Collect$$libshutdown$$0000000C)
    __rt_lib_shutdown_stdio_1                0x08000167   Thumb Code     0  libshutdown2.o(.ARM.Collect$$libshutdown$$00000006)
    __rt_lib_shutdown_user_alloc_1           0x08000167   Thumb Code     0  libshutdown2.o(.ARM.Collect$$libshutdown$$0000000E)
    __rt_entry                               0x08000169   Thumb Code     0  __rtentry.o(.ARM.Collect$$rtentry$$00000000)
    __rt_entry_presh_1                       0x08000169   Thumb Code     0  __rtentry2.o(.ARM.Collect$$rtentry$$00000002)
    __rt_entry_sh                            0x08000169   Thumb Code     0  __rtentry4.o(.ARM.Collect$$rtentry$$00000004)
    __rt_entry_li                            0x0800016f   Thumb Code     0  __rtentry2.o(.ARM.Collect$$rtentry$$0000000A)
    __rt_entry_postsh_1                      0x0800016f   Thumb Code     0  __rtentry2.o(.ARM.Collect$$rtentry$$00000009)
    __rt_entry_main                          0x08000173   Thumb Code     0  __rtentry2.o(.ARM.Collect$$rtentry$$0000000D)
    __rt_entry_postli_1                      0x08000173   Thumb Code     0  __rtentry2.o(.ARM.Collect$$rtentry$$0000000C)
    __rt_exit                                0x0800017b   Thumb Code     0  rtexit.o(.ARM.Collect$$rtexit$$00000000)
    __rt_exit_ls                             0x0800017d   Thumb Code     0  rtexit2.o(.ARM.Collect$$rtexit$$00000003)
    __rt_exit_prels_1                        0x0800017d   Thumb Code     0  rtexit2.o(.ARM.Collect$$rtexit$$00000002)
    __rt_exit_exit                           0x08000181   Thumb Code     0  rtexit2.o(.ARM.Collect$$rtexit$$00000004)
    Reset_Handler                            0x08000189   Thumb Code     8  startup_stm32f10x_md.o(.text)
    ADC1_2_IRQHandler                        0x080001a3   Thumb Code     0  startup_stm32f10x_md.o(.text)
    CAN1_RX1_IRQHandler                      0x080001a3   Thumb Code     0  startup_stm32f10x_md.o(.text)
    CAN1_SCE_IRQHandler                      0x080001a3   Thumb Code     0  startup_stm32f10x_md.o(.text)
    DMA1_Channel1_IRQHandler                 0x080001a3   Thumb Code     0  startup_stm32f10x_md.o(.text)
    DMA1_Channel2_IRQHandler                 0x080001a3   Thumb Code     0  startup_stm32f10x_md.o(.text)
    DMA1_Channel3_IRQHandler                 0x080001a3   Thumb Code     0  startup_stm32f10x_md.o(.text)
    DMA1_Channel4_IRQHandler                 0x080001a3   Thumb Code     0  startup_stm32f10x_md.o(.text)
    DMA1_Channel5_IRQHandler                 0x080001a3   Thumb Code     0  startup_stm32f10x_md.o(.text)
    DMA1_Channel6_IRQHandler                 0x080001a3   Thumb Code     0  startup_stm32f10x_md.o(.text)
    DMA1_Channel7_IRQHandler                 0x080001a3   Thumb Code     0  startup_stm32f10x_md.o(.text)
    EXTI0_IRQHandler                         0x080001a3   Thumb Code     0  startup_stm32f10x_md.o(.text)
    EXTI15_10_IRQHandler                     0x080001a3   Thumb Code     0  startup_stm32f10x_md.o(.text)
    EXTI1_IRQHandler                         0x080001a3   Thumb Code     0  startup_stm32f10x_md.o(.text)
    EXTI2_IRQHandler                         0x080001a3   Thumb Code     0  startup_stm32f10x_md.o(.text)
    EXTI3_IRQHandler                         0x080001a3   Thumb Code     0  startup_stm32f10x_md.o(.text)
    EXTI4_IRQHandler                         0x080001a3   Thumb Code     0  startup_stm32f10x_md.o(.text)
    EXTI9_5_IRQHandler                       0x080001a3   Thumb Code     0  startup_stm32f10x_md.o(.text)
    FLASH_IRQHandler                         0x080001a3   Thumb Code     0  startup_stm32f10x_md.o(.text)
    I2C1_ER_IRQHandler                       0x080001a3   Thumb Code     0  startup_stm32f10x_md.o(.text)
    I2C1_EV_IRQHandler                       0x080001a3   Thumb Code     0  startup_stm32f10x_md.o(.text)
    I2C2_ER_IRQHandler                       0x080001a3   Thumb Code     0  startup_stm32f10x_md.o(.text)
    I2C2_EV_IRQHandler                       0x080001a3   Thumb Code     0  startup_stm32f10x_md.o(.text)
    PVD_IRQHandler                           0x080001a3   Thumb Code     0  startup_stm32f10x_md.o(.text)
    RCC_IRQHandler                           0x080001a3   Thumb Code     0  startup_stm32f10x_md.o(.text)
    RTCAlarm_IRQHandler                      0x080001a3   Thumb Code     0  startup_stm32f10x_md.o(.text)
    RTC_IRQHandler                           0x080001a3   Thumb Code     0  startup_stm32f10x_md.o(.text)
    SPI1_IRQHandler                          0x080001a3   Thumb Code     0  startup_stm32f10x_md.o(.text)
    SPI2_IRQHandler                          0x080001a3   Thumb Code     0  startup_stm32f10x_md.o(.text)
    TAMPER_IRQHandler                        0x080001a3   Thumb Code     0  startup_stm32f10x_md.o(.text)
    TIM1_BRK_IRQHandler                      0x080001a3   Thumb Code     0  startup_stm32f10x_md.o(.text)
    TIM1_CC_IRQHandler                       0x080001a3   Thumb Code     0  startup_stm32f10x_md.o(.text)
    TIM1_TRG_COM_IRQHandler                  0x080001a3   Thumb Code     0  startup_stm32f10x_md.o(.text)
    TIM2_IRQHandler                          0x080001a3   Thumb Code     0  startup_stm32f10x_md.o(.text)
    TIM3_IRQHandler                          0x080001a3   Thumb Code     0  startup_stm32f10x_md.o(.text)
    TIM4_IRQHandler                          0x080001a3   Thumb Code     0  startup_stm32f10x_md.o(.text)
    USART1_IRQHandler                        0x080001a3   Thumb Code     0  startup_stm32f10x_md.o(.text)
    USART2_IRQHandler                        0x080001a3   Thumb Code     0  startup_stm32f10x_md.o(.text)
    USBWakeUp_IRQHandler                     0x080001a3   Thumb Code     0  startup_stm32f10x_md.o(.text)
    USB_HP_CAN1_TX_IRQHandler                0x080001a3   Thumb Code     0  startup_stm32f10x_md.o(.text)
    USB_LP_CAN1_RX0_IRQHandler               0x080001a3   Thumb Code     0  startup_stm32f10x_md.o(.text)
    WWDG_IRQHandler                          0x080001a3   Thumb Code     0  startup_stm32f10x_md.o(.text)
    __user_initial_stackheap                 0x080001a5   Thumb Code     0  startup_stm32f10x_md.o(.text)
    __aeabi_ldivmod                          0x080001c9   Thumb Code     0  llsdiv.o(.text)
    _ll_sdiv                                 0x080001c9   Thumb Code    72  llsdiv.o(.text)
    memcmp                                   0x08000211   Thumb Code    88  memcmp.o(.text)
    __aeabi_memset                           0x08000269   Thumb Code    16  aeabi_memset.o(.text)
    __use_two_region_memory                  0x08000279   Thumb Code     2  heapauxi.o(.text)
    __rt_heap_escrow                         0x0800027b   Thumb Code     2  heapauxi.o(.text)
    __rt_heap_expand                         0x0800027d   Thumb Code     2  heapauxi.o(.text)
    __aeabi_uldivmod                         0x0800027f   Thumb Code     0  lludivv7m.o(.text)
    _ll_udiv                                 0x0800027f   Thumb Code   238  lludivv7m.o(.text)
    __read_errno                             0x0800036d   Thumb Code    10  _rserrno.o(.text)
    __set_errno                              0x08000377   Thumb Code    12  _rserrno.o(.text)
    __aeabi_memclr                           0x08000383   Thumb Code     0  rt_memclr.o(.text)
    __rt_memclr                              0x08000383   Thumb Code    68  rt_memclr.o(.text)
    _memset                                  0x08000387   Thumb Code     0  rt_memclr.o(.text)
    __aeabi_errno_addr                       0x080003c9   Thumb Code     8  rt_errno_addr_intlibspace.o(.text)
    __errno$intlibspace                      0x080003c9   Thumb Code     0  rt_errno_addr_intlibspace.o(.text)
    __rt_errno_addr$intlibspace              0x080003c9   Thumb Code     0  rt_errno_addr_intlibspace.o(.text)
    __aeabi_memclr4                          0x080003d1   Thumb Code     0  rt_memclr_w.o(.text)
    __aeabi_memclr8                          0x080003d1   Thumb Code     0  rt_memclr_w.o(.text)
    __rt_memclr_w                            0x080003d1   Thumb Code    78  rt_memclr_w.o(.text)
    _memset_w                                0x080003d5   Thumb Code     0  rt_memclr_w.o(.text)
    __user_libspace                          0x08000421   Thumb Code     8  libspace.o(.text)
    __user_perproc_libspace                  0x08000421   Thumb Code     0  libspace.o(.text)
    __user_perthread_libspace                0x08000421   Thumb Code     0  libspace.o(.text)
    __user_setup_stackheap                   0x08000429   Thumb Code    74  sys_stackheap_outer.o(.text)
    exit                                     0x08000473   Thumb Code    18  exit.o(.text)
    __I$use$semihosting                      0x08000485   Thumb Code     0  use_no_semi.o(.text)
    __use_no_semihosting_swi                 0x08000485   Thumb Code     2  use_no_semi.o(.text)
    __semihosting_library_function           0x08000487   Thumb Code     0  indicate_semi.o(.text)
    _sys_exit                                0x08000489   Thumb Code     8  sys_exit.o(.text)
    BT_GetRxData                             0x08000495   Thumb Code     6  bluetooth.o(i.BT_GetRxData)
    BT_GetRxFlag                             0x080004a1   Thumb Code    22  bluetooth.o(i.BT_GetRxFlag)
    BT_SendByte                              0x080004bd   Thumb Code    28  bluetooth.o(i.BT_SendByte)
    Bluetooth_Init                           0x080004dd   Thumb Code   174  bluetooth.o(i.Bluetooth_Init)
    BusFault_Handler                         0x08000595   Thumb Code     4  stm32f10x_it.o(i.BusFault_Handler)
    DebugMon_Handler                         0x08000599   Thumb Code     2  stm32f10x_it.o(i.DebugMon_Handler)
    EncoderLeft_Get                          0x0800059b   Thumb Code    26  encoder.o(i.EncoderLeft_Get)
    EncoderRight_Get                         0x080005b5   Thumb Code    22  encoder.o(i.EncoderRight_Get)
    Encoder_Init                             0x080005d1   Thumb Code   324  encoder.o(i.Encoder_Init)
    GPIO_Init                                0x08000721   Thumb Code   278  stm32f10x_gpio.o(i.GPIO_Init)
    GPIO_ResetBits                           0x08000837   Thumb Code     4  stm32f10x_gpio.o(i.GPIO_ResetBits)
    GPIO_SetBits                             0x0800083b   Thumb Code     4  stm32f10x_gpio.o(i.GPIO_SetBits)
    GPIO_WriteBit                            0x0800083f   Thumb Code    10  stm32f10x_gpio.o(i.GPIO_WriteBit)
    HardFault_Handler                        0x08000849   Thumb Code     4  stm32f10x_it.o(i.HardFault_Handler)
    Key_Init                                 0x0800084d   Thumb Code    68  key.o(i.Key_Init)
    MPU6050_Data_read                        0x08000899   Thumb Code    36  motor.o(i.MPU6050_Data_read)
    MPU_Get_Gyroscope                        0x080008d5   Thumb Code    80  mpu6050.o(i.MPU_Get_Gyroscope)
    MPU_IIC_Ack                              0x08000925   Thumb Code    62  mpuiic.o(i.MPU_IIC_Ack)
    MPU_IIC_Delay                            0x08000971   Thumb Code    10  mpuiic.o(i.MPU_IIC_Delay)
    MPU_IIC_Init                             0x0800097d   Thumb Code    50  mpuiic.o(i.MPU_IIC_Init)
    MPU_IIC_NAck                             0x080009b5   Thumb Code    62  mpuiic.o(i.MPU_IIC_NAck)
    MPU_IIC_Read_Byte                        0x08000a01   Thumb Code    94  mpuiic.o(i.MPU_IIC_Read_Byte)
    MPU_IIC_Send_Byte                        0x08000a6d   Thumb Code    80  mpuiic.o(i.MPU_IIC_Send_Byte)
    MPU_IIC_Start                            0x08000ac9   Thumb Code    60  mpuiic.o(i.MPU_IIC_Start)
    MPU_IIC_Stop                             0x08000b11   Thumb Code    58  mpuiic.o(i.MPU_IIC_Stop)
    MPU_IIC_Wait_Ack                         0x08000b59   Thumb Code    86  mpuiic.o(i.MPU_IIC_Wait_Ack)
    MPU_Init                                 0x08000bbd   Thumb Code   128  mpu6050.o(i.MPU_Init)
    MPU_Read_Byte                            0x08000c41   Thumb Code    58  mpu6050.o(i.MPU_Read_Byte)
    MPU_Read_Len                             0x08000c7b   Thumb Code   116  mpu6050.o(i.MPU_Read_Len)
    MPU_Set_Accel_Fsr                        0x08000cef   Thumb Code    16  mpu6050.o(i.MPU_Set_Accel_Fsr)
    MPU_Set_Gyro_Fsr                         0x08000cff   Thumb Code    16  mpu6050.o(i.MPU_Set_Gyro_Fsr)
    MPU_Set_LPF                              0x08000d0f   Thumb Code    58  mpu6050.o(i.MPU_Set_LPF)
    MPU_Set_Rate                             0x08000d49   Thumb Code    58  mpu6050.o(i.MPU_Set_Rate)
    MPU_Write_Byte                           0x08000d83   Thumb Code    68  mpu6050.o(i.MPU_Write_Byte)
    MPU_Write_Len                            0x08000dc7   Thumb Code    96  mpu6050.o(i.MPU_Write_Len)
    MemManage_Handler                        0x08000e27   Thumb Code     4  stm32f10x_it.o(i.MemManage_Handler)
    Moto_Speed_Read                          0x08000e2d   Thumb Code    20  motor.o(i.Moto_Speed_Read)
    Motor1_SetSpeed                          0x08000e49   Thumb Code   104  motor.o(i.Motor1_SetSpeed)
    Motor2_SetSpeed                          0x08000ebd   Thumb Code   104  motor.o(i.Motor2_SetSpeed)
    Motor_Init                               0x08000f31   Thumb Code   254  motor.o(i.Motor_Init)
    Motor_xianfu                             0x0800103d   Thumb Code    20  motor.o(i.Motor_xianfu)
    NMI_Handler                              0x08001055   Thumb Code     2  stm32f10x_it.o(i.NMI_Handler)
    NVIC_Init                                0x08001059   Thumb Code   100  misc.o(i.NVIC_Init)
    NVIC_PriorityGroupConfig                 0x080010c9   Thumb Code    10  misc.o(i.NVIC_PriorityGroupConfig)
    OLED_Clear                               0x080010dd   Thumb Code    42  oled.o(i.OLED_Clear)
    OLED_I2C_Init                            0x08001109   Thumb Code    76  oled.o(i.OLED_I2C_Init)
    OLED_I2C_SendByte                        0x08001159   Thumb Code    80  oled.o(i.OLED_I2C_SendByte)
    OLED_I2C_Start                           0x080011ad   Thumb Code    48  oled.o(i.OLED_I2C_Start)
    OLED_I2C_Stop                            0x080011e1   Thumb Code    36  oled.o(i.OLED_I2C_Stop)
    OLED_Init                                0x08001209   Thumb Code   174  oled.o(i.OLED_Init)
    OLED_Pow                                 0x080012b7   Thumb Code    20  oled.o(i.OLED_Pow)
    OLED_SetCursor                           0x080012cb   Thumb Code    34  oled.o(i.OLED_SetCursor)
    OLED_ShowChar                            0x080012ed   Thumb Code   110  oled.o(i.OLED_ShowChar)
    OLED_ShowHexNum                          0x08001361   Thumb Code    84  oled.o(i.OLED_ShowHexNum)
    OLED_ShowNum                             0x080013b5   Thumb Code    68  oled.o(i.OLED_ShowNum)
    OLED_ShowSignedNum                       0x080013f9   Thumb Code   102  oled.o(i.OLED_ShowSignedNum)
    OLED_ShowString                          0x0800145f   Thumb Code    40  oled.o(i.OLED_ShowString)
    OLED_WriteCommand                        0x08001487   Thumb Code    32  oled.o(i.OLED_WriteCommand)
    OLED_WriteData                           0x080014a7   Thumb Code    32  oled.o(i.OLED_WriteData)
    PendSV_Handler                           0x080014c7   Thumb Code     2  stm32f10x_it.o(i.PendSV_Handler)
    RCC_APB1PeriphClockCmd                   0x080014c9   Thumb Code    26  stm32f10x_rcc.o(i.RCC_APB1PeriphClockCmd)
    RCC_APB2PeriphClockCmd                   0x080014e9   Thumb Code    26  stm32f10x_rcc.o(i.RCC_APB2PeriphClockCmd)
    RCC_GetClocksFreq                        0x08001509   Thumb Code   192  stm32f10x_rcc.o(i.RCC_GetClocksFreq)
    SVC_Handler                              0x080015dd   Thumb Code     2  stm32f10x_it.o(i.SVC_Handler)
    Smart_Car_Task                           0x080016c9   Thumb Code   232  motor.o(i.Smart_Car_Task)
    SysTick_Handler                          0x080017e5   Thumb Code     2  stm32f10x_it.o(i.SysTick_Handler)
    SystemInit                               0x080017e9   Thumb Code    78  system_stm32f10x.o(i.SystemInit)
    TIM1_UP_IRQHandler                       0x08001a89   Thumb Code    76  time1.o(i.TIM1_UP_IRQHandler)
    TIM_ClearFlag                            0x08001ae1   Thumb Code     6  stm32f10x_tim.o(i.TIM_ClearFlag)
    TIM_ClearITPendingBit                    0x08001ae7   Thumb Code     6  stm32f10x_tim.o(i.TIM_ClearITPendingBit)
    TIM_Cmd                                  0x08001aed   Thumb Code    24  stm32f10x_tim.o(i.TIM_Cmd)
    TIM_EncoderInterfaceConfig               0x08001b05   Thumb Code    66  stm32f10x_tim.o(i.TIM_EncoderInterfaceConfig)
    TIM_GetCounter                           0x08001b47   Thumb Code     6  stm32f10x_tim.o(i.TIM_GetCounter)
    TIM_ICInit                               0x08001b4d   Thumb Code   150  stm32f10x_tim.o(i.TIM_ICInit)
    TIM_ICStructInit                         0x08001bf9   Thumb Code    18  stm32f10x_tim.o(i.TIM_ICStructInit)
    TIM_ITConfig                             0x08001c0b   Thumb Code    18  stm32f10x_tim.o(i.TIM_ITConfig)
    TIM_InternalClockConfig                  0x08001c1d   Thumb Code    12  stm32f10x_tim.o(i.TIM_InternalClockConfig)
    TIM_OC1Init                              0x08001c29   Thumb Code   132  stm32f10x_tim.o(i.TIM_OC1Init)
    TIM_OC1PreloadConfig                     0x08001cc1   Thumb Code    18  stm32f10x_tim.o(i.TIM_OC1PreloadConfig)
    TIM_OC2Init                              0x08001cd5   Thumb Code   154  stm32f10x_tim.o(i.TIM_OC2Init)
    TIM_OC2PreloadConfig                     0x08001d79   Thumb Code    26  stm32f10x_tim.o(i.TIM_OC2PreloadConfig)
    TIM_SetCompare1                          0x08001d93   Thumb Code     4  stm32f10x_tim.o(i.TIM_SetCompare1)
    TIM_SetCompare2                          0x08001d97   Thumb Code     4  stm32f10x_tim.o(i.TIM_SetCompare2)
    TIM_SetCounter                           0x08001d9b   Thumb Code     4  stm32f10x_tim.o(i.TIM_SetCounter)
    TIM_SetIC1Prescaler                      0x08001d9f   Thumb Code    18  stm32f10x_tim.o(i.TIM_SetIC1Prescaler)
    TIM_SetIC2Prescaler                      0x08001db1   Thumb Code    26  stm32f10x_tim.o(i.TIM_SetIC2Prescaler)
    TIM_SetIC3Prescaler                      0x08001dcb   Thumb Code    18  stm32f10x_tim.o(i.TIM_SetIC3Prescaler)
    TIM_SetIC4Prescaler                      0x08001ddd   Thumb Code    26  stm32f10x_tim.o(i.TIM_SetIC4Prescaler)
    TIM_TimeBaseInit                         0x08001df9   Thumb Code   122  stm32f10x_tim.o(i.TIM_TimeBaseInit)
    Time1_Init                               0x08001e9d   Thumb Code   120  time1.o(i.Time1_Init)
    USART3_IRQHandler                        0x08001f19   Thumb Code    44  bluetooth.o(i.USART3_IRQHandler)
    USART_ClearITPendingBit                  0x08001f51   Thumb Code    30  stm32f10x_usart.o(i.USART_ClearITPendingBit)
    USART_Cmd                                0x08001f6f   Thumb Code    24  stm32f10x_usart.o(i.USART_Cmd)
    USART_GetFlagStatus                      0x08001f87   Thumb Code    26  stm32f10x_usart.o(i.USART_GetFlagStatus)
    USART_GetITStatus                        0x08001fa1   Thumb Code    84  stm32f10x_usart.o(i.USART_GetITStatus)
    USART_ITConfig                           0x08001ff5   Thumb Code    74  stm32f10x_usart.o(i.USART_ITConfig)
    USART_Init                               0x08002041   Thumb Code   210  stm32f10x_usart.o(i.USART_Init)
    USART_ReceiveData                        0x08002119   Thumb Code    10  stm32f10x_usart.o(i.USART_ReceiveData)
    USART_SendData                           0x08002123   Thumb Code     8  stm32f10x_usart.o(i.USART_SendData)
    UsageFault_Handler                       0x0800212b   Thumb Code     4  stm32f10x_it.o(i.UsageFault_Handler)
    __ARM_fpclassify                         0x0800212f   Thumb Code    40  fpclassify.o(i.__ARM_fpclassify)
    __kernel_poly                            0x08002157   Thumb Code   170  poly.o(i.__kernel_poly)
    __mathlib_dbl_infnan                     0x08002201   Thumb Code     6  dunder.o(i.__mathlib_dbl_infnan)
    __mathlib_dbl_infnan2                    0x08002207   Thumb Code     4  dunder.o(i.__mathlib_dbl_infnan2)
    __mathlib_dbl_invalid                    0x0800220b   Thumb Code    12  dunder.o(i.__mathlib_dbl_invalid)
    __mathlib_dbl_underflow                  0x08002219   Thumb Code    10  dunder.o(i.__mathlib_dbl_underflow)
    asin                                     0x080022d1   Thumb Code   572  asin.o(i.asin)
    atan                                     0x08002541   Thumb Code   474  atan.o(i.atan)
    atan2                                    0x08002761   Thumb Code   374  atan2.o(i.atan2)
    delay_ms                                 0x08002961   Thumb Code    24  delay.o(i.delay_ms)
    delay_us                                 0x08002979   Thumb Code    46  delay.o(i.delay_us)
    dmp_enable_6x_lp_quat                    0x080029a7   Thumb Code    60  inv_mpu_dmp_motion_driver.o(i.dmp_enable_6x_lp_quat)
    dmp_enable_feature                       0x080029e5   Thumb Code   530  inv_mpu_dmp_motion_driver.o(i.dmp_enable_feature)
    dmp_enable_gyro_cal                      0x08002c01   Thumb Code    62  inv_mpu_dmp_motion_driver.o(i.dmp_enable_gyro_cal)
    dmp_enable_lp_quat                       0x08002c59   Thumb Code    60  inv_mpu_dmp_motion_driver.o(i.dmp_enable_lp_quat)
    dmp_load_motion_driver_firmware          0x08002c95   Thumb Code    20  inv_mpu_dmp_motion_driver.o(i.dmp_load_motion_driver_firmware)
    dmp_read_fifo                            0x08002cad   Thumb Code   456  inv_mpu_dmp_motion_driver.o(i.dmp_read_fifo)
    dmp_set_accel_bias                       0x08002e79   Thumb Code   300  inv_mpu_dmp_motion_driver.o(i.dmp_set_accel_bias)
    dmp_set_fifo_rate                        0x08002fa9   Thumb Code    96  inv_mpu_dmp_motion_driver.o(i.dmp_set_fifo_rate)
    dmp_set_gyro_bias                        0x08003019   Thumb Code   294  inv_mpu_dmp_motion_driver.o(i.dmp_set_gyro_bias)
    dmp_set_orientation                      0x08003149   Thumb Code   290  inv_mpu_dmp_motion_driver.o(i.dmp_set_orientation)
    dmp_set_shake_reject_thresh              0x08003281   Thumb Code    56  inv_mpu_dmp_motion_driver.o(i.dmp_set_shake_reject_thresh)
    dmp_set_shake_reject_time                0x080032b9   Thumb Code    38  inv_mpu_dmp_motion_driver.o(i.dmp_set_shake_reject_time)
    dmp_set_shake_reject_timeout             0x080032df   Thumb Code    38  inv_mpu_dmp_motion_driver.o(i.dmp_set_shake_reject_timeout)
    dmp_set_tap_axes                         0x08003305   Thumb Code    70  inv_mpu_dmp_motion_driver.o(i.dmp_set_tap_axes)
    dmp_set_tap_count                        0x0800334b   Thumb Code    38  inv_mpu_dmp_motion_driver.o(i.dmp_set_tap_count)
    dmp_set_tap_thresh                       0x08003371   Thumb Code   396  inv_mpu_dmp_motion_driver.o(i.dmp_set_tap_thresh)
    dmp_set_tap_time                         0x08003511   Thumb Code    38  inv_mpu_dmp_motion_driver.o(i.dmp_set_tap_time)
    dmp_set_tap_time_multi                   0x08003537   Thumb Code    38  inv_mpu_dmp_motion_driver.o(i.dmp_set_tap_time_multi)
    inv_orientation_matrix_to_scalar         0x08003b8d   Thumb Code    40  inv_mpu.o(i.inv_orientation_matrix_to_scalar)
    inv_row_2_scale                          0x08003bb5   Thumb Code    78  inv_mpu.o(i.inv_row_2_scale)
    main                                     0x08003c05   Thumb Code   282  main.o(i.main)
    mget_ms                                  0x08003d4d   Thumb Code     2  inv_mpu.o(i.mget_ms)
    mpu_configure_fifo                       0x08003d51   Thumb Code   106  inv_mpu.o(i.mpu_configure_fifo)
    mpu_dmp_get_data                         0x08003dc1   Thumb Code   544  inv_mpu.o(i.mpu_dmp_get_data)
    mpu_dmp_init                             0x08003fe5   Thumb Code   132  inv_mpu.o(i.mpu_dmp_init)
    mpu_get_accel_fsr                        0x0800406d   Thumb Code    72  inv_mpu.o(i.mpu_get_accel_fsr)
    mpu_get_accel_sens                       0x080040b9   Thumb Code    78  inv_mpu.o(i.mpu_get_accel_sens)
    mpu_get_fifo_config                      0x0800410d   Thumb Code    12  inv_mpu.o(i.mpu_get_fifo_config)
    mpu_get_gyro_fsr                         0x0800411d   Thumb Code    64  inv_mpu.o(i.mpu_get_gyro_fsr)
    mpu_get_gyro_sens                        0x08004161   Thumb Code    58  inv_mpu.o(i.mpu_get_gyro_sens)
    mpu_get_lpf                              0x080041b1   Thumb Code    74  inv_mpu.o(i.mpu_get_lpf)
    mpu_get_sample_rate                      0x08004201   Thumb Code    26  inv_mpu.o(i.mpu_get_sample_rate)
    mpu_init                                 0x08004221   Thumb Code   388  inv_mpu.o(i.mpu_init)
    mpu_load_firmware                        0x080043a9   Thumb Code   180  inv_mpu.o(i.mpu_load_firmware)
    mpu_lp_accel_mode                        0x08004461   Thumb Code   218  inv_mpu.o(i.mpu_lp_accel_mode)
    mpu_read_fifo_stream                     0x08004541   Thumb Code   186  inv_mpu.o(i.mpu_read_fifo_stream)
    mpu_read_mem                             0x08004601   Thumb Code   122  inv_mpu.o(i.mpu_read_mem)
    mpu_reset_fifo                           0x08004681   Thumb Code   450  inv_mpu.o(i.mpu_reset_fifo)
    mpu_run_self_test                        0x08004849   Thumb Code   278  inv_mpu.o(i.mpu_run_self_test)
    mpu_set_accel_fsr                        0x08004965   Thumb Code   126  inv_mpu.o(i.mpu_set_accel_fsr)
    mpu_set_bypass                           0x080049e9   Thumb Code   328  inv_mpu.o(i.mpu_set_bypass)
    mpu_set_dmp_state                        0x08004b35   Thumb Code   138  inv_mpu.o(i.mpu_set_dmp_state)
    mpu_set_gyro_fsr                         0x08004bc5   Thumb Code   132  inv_mpu.o(i.mpu_set_gyro_fsr)
    mpu_set_int_latched                      0x08004c4d   Thumb Code   102  inv_mpu.o(i.mpu_set_int_latched)
    mpu_set_lpf                              0x08004cb9   Thumb Code   126  inv_mpu.o(i.mpu_set_lpf)
    mpu_set_sample_rate                      0x08004d3d   Thumb Code   152  inv_mpu.o(i.mpu_set_sample_rate)
    mpu_set_sensors                          0x08004dd9   Thumb Code   202  inv_mpu.o(i.mpu_set_sensors)
    mpu_write_mem                            0x08004ea9   Thumb Code   122  inv_mpu.o(i.mpu_write_mem)
    run_self_test                            0x08004f29   Thumb Code   152  inv_mpu.o(i.run_self_test)
    sqrt                                     0x08005051   Thumb Code    76  sqrt.o(i.sqrt)
    sudu                                     0x0800509d   Thumb Code   244  motor.o(i.sudu)
    zhili                                    0x080051c9   Thumb Code    64  motor.o(i.zhili)
    zhuan                                    0x08005215   Thumb Code    72  motor.o(i.zhuan)
    __aeabi_d2f                              0x08005265   Thumb Code     0  d2f.o(x$fpl$d2f)
    _d2f                                     0x08005265   Thumb Code    98  d2f.o(x$fpl$d2f)
    __aeabi_dadd                             0x080052c9   Thumb Code     0  daddsub_clz.o(x$fpl$dadd)
    _dadd                                    0x080052c9   Thumb Code   332  daddsub_clz.o(x$fpl$dadd)
    __fpl_dcheck_NaN1                        0x08005419   Thumb Code    10  dcheck1.o(x$fpl$dcheck1)
    __fpl_dcmp_Inf                           0x08005429   Thumb Code    24  dcmpi.o(x$fpl$dcmpinf)
    __aeabi_ddiv                             0x08005441   Thumb Code     0  ddiv.o(x$fpl$ddiv)
    _ddiv                                    0x08005441   Thumb Code   552  ddiv.o(x$fpl$ddiv)
    __aeabi_cdcmpeq                          0x080056f1   Thumb Code     0  deqf.o(x$fpl$deqf)
    _dcmpeq                                  0x080056f1   Thumb Code   120  deqf.o(x$fpl$deqf)
    __aeabi_d2iz                             0x08005769   Thumb Code     0  dfix.o(x$fpl$dfix)
    _dfix                                    0x08005769   Thumb Code    94  dfix.o(x$fpl$dfix)
    __aeabi_i2d                              0x080057c7   Thumb Code     0  dflt_clz.o(x$fpl$dflt)
    _dflt                                    0x080057c7   Thumb Code    46  dflt_clz.o(x$fpl$dflt)
    __aeabi_dmul                             0x080057f5   Thumb Code     0  dmul.o(x$fpl$dmul)
    _dmul                                    0x080057f5   Thumb Code   332  dmul.o(x$fpl$dmul)
    __fpl_dnaninf                            0x08005949   Thumb Code   156  dnaninf.o(x$fpl$dnaninf)
    __fpl_dretinf                            0x080059e5   Thumb Code    12  dretinf.o(x$fpl$dretinf)
    __aeabi_drsub                            0x080059f1   Thumb Code     0  daddsub_clz.o(x$fpl$drsb)
    _drsb                                    0x080059f1   Thumb Code    22  daddsub_clz.o(x$fpl$drsb)
    _dsqrt                                   0x08005a09   Thumb Code   456  dsqrt_noumaal.o(x$fpl$dsqrt)
    __aeabi_dsub                             0x08005bd5   Thumb Code     0  daddsub_clz.o(x$fpl$dsub)
    _dsub                                    0x08005bd5   Thumb Code   464  daddsub_clz.o(x$fpl$dsub)
    __aeabi_f2d                              0x08005da9   Thumb Code     0  f2d.o(x$fpl$f2d)
    _f2d                                     0x08005da9   Thumb Code    86  f2d.o(x$fpl$f2d)
    __aeabi_fadd                             0x08005e01   Thumb Code     0  faddsub_clz.o(x$fpl$fadd)
    _fadd                                    0x08005e01   Thumb Code   196  faddsub_clz.o(x$fpl$fadd)
    __fpl_fcmp_Inf                           0x08005ec5   Thumb Code    24  fcmpi.o(x$fpl$fcmpinf)
    __aeabi_fdiv                             0x08005edd   Thumb Code     0  fdiv.o(x$fpl$fdiv)
    _fdiv                                    0x08005edd   Thumb Code   384  fdiv.o(x$fpl$fdiv)
    __aeabi_cfcmpeq                          0x08006061   Thumb Code     0  feqf.o(x$fpl$feqf)
    _fcmpeq                                  0x08006061   Thumb Code   104  feqf.o(x$fpl$feqf)
    __aeabi_f2iz                             0x080060c9   Thumb Code     0  ffix.o(x$fpl$ffix)
    _ffix                                    0x080060c9   Thumb Code    54  ffix.o(x$fpl$ffix)
    __aeabi_f2uiz                            0x08006101   Thumb Code     0  ffixu.o(x$fpl$ffixu)
    _ffixu                                   0x08006101   Thumb Code    62  ffixu.o(x$fpl$ffixu)
    __aeabi_i2f                              0x08006141   Thumb Code     0  fflt_clz.o(x$fpl$fflt)
    _fflt                                    0x08006141   Thumb Code    48  fflt_clz.o(x$fpl$fflt)
    __aeabi_ui2f                             0x08006171   Thumb Code     0  fflt_clz.o(x$fpl$ffltu)
    _ffltu                                   0x08006171   Thumb Code    38  fflt_clz.o(x$fpl$ffltu)
    __aeabi_cfcmple                          0x08006199   Thumb Code     0  fleqf.o(x$fpl$fleqf)
    _fcmple                                  0x08006199   Thumb Code   104  fleqf.o(x$fpl$fleqf)
    __fpl_fcmple_InfNaN                      0x080061eb   Thumb Code     0  fleqf.o(x$fpl$fleqf)
    __aeabi_fmul                             0x08006201   Thumb Code     0  fmul.o(x$fpl$fmul)
    _fmul                                    0x08006201   Thumb Code   258  fmul.o(x$fpl$fmul)
    __fpl_fnaninf                            0x08006303   Thumb Code   140  fnaninf.o(x$fpl$fnaninf)
    __fpl_fretinf                            0x0800638f   Thumb Code    10  fretinf.o(x$fpl$fretinf)
    __aeabi_cfrcmple                         0x08006399   Thumb Code     0  frleqf.o(x$fpl$frleqf)
    _frcmple                                 0x08006399   Thumb Code    98  frleqf.o(x$fpl$frleqf)
    __aeabi_frsub                            0x080063fb   Thumb Code     0  faddsub_clz.o(x$fpl$frsb)
    _frsb                                    0x080063fb   Thumb Code    20  faddsub_clz.o(x$fpl$frsb)
    __aeabi_fsub                             0x08006411   Thumb Code     0  faddsub_clz.o(x$fpl$fsub)
    _fsub                                    0x08006411   Thumb Code   234  faddsub_clz.o(x$fpl$fsub)
    __fpl_return_NaN                         0x080064fb   Thumb Code   100  retnan.o(x$fpl$retnan)
    __ARM_scalbn                             0x0800655f   Thumb Code    92  scalbn.o(x$fpl$scalbn)
    __fpl_cmpreturn                          0x080065bb   Thumb Code    48  trapv.o(x$fpl$trapveneer)
    OLED_F8x16                               0x080065ea   Data        1520  oled.o(.constdata)
    __I$use$fp                               0x080065ea   Number         0  usenofp.o(x$fpl$usenofp)
    reg                                      0x08006bdc   Data          27  inv_mpu.o(.constdata)
    hw                                       0x08006bf8   Data          12  inv_mpu.o(.constdata)
    test                                     0x08006c04   Data          40  inv_mpu.o(.constdata)
    __mathlib_zero                           0x08007910   Data           8  qnan.o(.constdata)
    Region$$Table$$Base                      0x08007918   Number         0  anon$$obj.o(Region$$Table)
    Region$$Table$$Limit                     0x08007938   Number         0  anon$$obj.o(Region$$Table)
    mpu6050_data_flag                        0x2000004c   Data           1  motor.o(.data)
    speed_num1                               0x2000004e   Data           2  motor.o(.data)
    speed_num2                               0x20000050   Data           2  motor.o(.data)
    pitch                                    0x20000054   Data           4  motor.o(.data)
    roll                                     0x20000058   Data           4  motor.o(.data)
    yaw                                      0x2000005c   Data           4  motor.o(.data)
    aacx                                     0x20000060   Data           2  motor.o(.data)
    aacy                                     0x20000062   Data           2  motor.o(.data)
    aacz                                     0x20000064   Data           2  motor.o(.data)
    gyrox                                    0x20000066   Data           2  motor.o(.data)
    gyroy                                    0x20000068   Data           2  motor.o(.data)
    gyroz                                    0x2000006a   Data           2  motor.o(.data)
    sudu_out                                 0x2000006c   Data           4  motor.o(.data)
    zhili_out                                0x20000070   Data           4  motor.o(.data)
    zhuan_out                                0x20000074   Data           4  motor.o(.data)
    PWM_OUT1                                 0x20000078   Data           4  motor.o(.data)
    PWM_OUT2                                 0x2000007c   Data           4  motor.o(.data)
    Movement                                 0x20000080   Data           4  motor.o(.data)
    turnment                                 0x20000084   Data           4  motor.o(.data)
    Car_zero                                 0x20000088   Data           4  motor.o(.data)
    zhili_Kp                                 0x2000008c   Data           4  motor.o(.data)
    zhili_Kd                                 0x20000090   Data           4  motor.o(.data)
    sudu_Kp                                  0x20000094   Data           4  motor.o(.data)
    sudu_Ki                                  0x20000098   Data           4  motor.o(.data)
    zhuan_Kp                                 0x2000009c   Data           4  motor.o(.data)
    zhuan_Kd                                 0x200000a0   Data           4  motor.o(.data)
    Time1                                    0x200000b4   Data           2  time1.o(.data)
    Time2                                    0x200000b6   Data           2  time1.o(.data)
    BT_RxData                                0x200000b8   Data           1  bluetooth.o(.data)
    BT_RxFlag                                0x200000b9   Data           1  bluetooth.o(.data)
    i                                        0x200000bc   Data           4  main.o(.data)
    RxData                                   0x200000c0   Data           1  main.o(.data)
    __libspace_start                         0x200000d4   Data          96  libspace.o(.bss)
    __temporary_stack_top$libspace           0x20000134   Data           0  libspace.o(.bss)



==============================================================================

Memory Map of the image

  Image Entry point : 0x080000ed

  Load Region LR_IROM1 (Base: 0x08000000, Size: 0x000079fc, Max: 0x00010000, ABSOLUTE)

    Execution Region ER_IROM1 (Exec base: 0x08000000, Load base: 0x08000000, Size: 0x00007938, Max: 0x00010000, ABSOLUTE)

    Exec Addr    Load Addr    Size         Type   Attr      Idx    E Section Name        Object

    0x08000000   0x08000000   0x000000ec   Data   RO            3    RESET               startup_stm32f10x_md.o
    0x080000ec   0x080000ec   0x00000008   Code   RO         4420  * !!!main             c_w.l(__main.o)
    0x080000f4   0x080000f4   0x00000034   Code   RO         4929    !!!scatter          c_w.l(__scatter.o)
    0x08000128   0x08000128   0x0000001a   Code   RO         4931    !!handler_copy      c_w.l(__scatter_copy.o)
    0x08000142   0x08000142   0x00000002   PAD
    0x08000144   0x08000144   0x0000001c   Code   RO         4933    !!handler_zi        c_w.l(__scatter_zi.o)
    0x08000160   0x08000160   0x00000002   Code   RO         4714    .ARM.Collect$$libinit$$00000000  c_w.l(libinit.o)
    0x08000162   0x08000162   0x00000000   Code   RO         4716    .ARM.Collect$$libinit$$00000002  c_w.l(libinit2.o)
    0x08000162   0x08000162   0x00000000   Code   RO         4718    .ARM.Collect$$libinit$$00000004  c_w.l(libinit2.o)
    0x08000162   0x08000162   0x00000000   Code   RO         4721    .ARM.Collect$$libinit$$0000000A  c_w.l(libinit2.o)
    0x08000162   0x08000162   0x00000000   Code   RO         4723    .ARM.Collect$$libinit$$0000000C  c_w.l(libinit2.o)
    0x08000162   0x08000162   0x00000000   Code   RO         4725    .ARM.Collect$$libinit$$0000000E  c_w.l(libinit2.o)
    0x08000162   0x08000162   0x00000000   Code   RO         4728    .ARM.Collect$$libinit$$00000011  c_w.l(libinit2.o)
    0x08000162   0x08000162   0x00000000   Code   RO         4730    .ARM.Collect$$libinit$$00000013  c_w.l(libinit2.o)
    0x08000162   0x08000162   0x00000000   Code   RO         4732    .ARM.Collect$$libinit$$00000015  c_w.l(libinit2.o)
    0x08000162   0x08000162   0x00000000   Code   RO         4734    .ARM.Collect$$libinit$$00000017  c_w.l(libinit2.o)
    0x08000162   0x08000162   0x00000000   Code   RO         4736    .ARM.Collect$$libinit$$00000019  c_w.l(libinit2.o)
    0x08000162   0x08000162   0x00000000   Code   RO         4738    .ARM.Collect$$libinit$$0000001B  c_w.l(libinit2.o)
    0x08000162   0x08000162   0x00000000   Code   RO         4740    .ARM.Collect$$libinit$$0000001D  c_w.l(libinit2.o)
    0x08000162   0x08000162   0x00000000   Code   RO         4742    .ARM.Collect$$libinit$$0000001F  c_w.l(libinit2.o)
    0x08000162   0x08000162   0x00000000   Code   RO         4744    .ARM.Collect$$libinit$$00000021  c_w.l(libinit2.o)
    0x08000162   0x08000162   0x00000000   Code   RO         4746    .ARM.Collect$$libinit$$00000023  c_w.l(libinit2.o)
    0x08000162   0x08000162   0x00000000   Code   RO         4748    .ARM.Collect$$libinit$$00000025  c_w.l(libinit2.o)
    0x08000162   0x08000162   0x00000000   Code   RO         4752    .ARM.Collect$$libinit$$0000002C  c_w.l(libinit2.o)
    0x08000162   0x08000162   0x00000000   Code   RO         4754    .ARM.Collect$$libinit$$0000002E  c_w.l(libinit2.o)
    0x08000162   0x08000162   0x00000000   Code   RO         4756    .ARM.Collect$$libinit$$00000030  c_w.l(libinit2.o)
    0x08000162   0x08000162   0x00000000   Code   RO         4758    .ARM.Collect$$libinit$$00000032  c_w.l(libinit2.o)
    0x08000162   0x08000162   0x00000002   Code   RO         4759    .ARM.Collect$$libinit$$00000033  c_w.l(libinit2.o)
    0x08000164   0x08000164   0x00000002   Code   RO         4910    .ARM.Collect$$libshutdown$$00000000  c_w.l(libshutdown.o)
    0x08000166   0x08000166   0x00000000   Code   RO         4761    .ARM.Collect$$libshutdown$$00000002  c_w.l(libshutdown2.o)
    0x08000166   0x08000166   0x00000000   Code   RO         4763    .ARM.Collect$$libshutdown$$00000004  c_w.l(libshutdown2.o)
    0x08000166   0x08000166   0x00000000   Code   RO         4765    .ARM.Collect$$libshutdown$$00000006  c_w.l(libshutdown2.o)
    0x08000166   0x08000166   0x00000000   Code   RO         4768    .ARM.Collect$$libshutdown$$00000009  c_w.l(libshutdown2.o)
    0x08000166   0x08000166   0x00000000   Code   RO         4771    .ARM.Collect$$libshutdown$$0000000C  c_w.l(libshutdown2.o)
    0x08000166   0x08000166   0x00000000   Code   RO         4773    .ARM.Collect$$libshutdown$$0000000E  c_w.l(libshutdown2.o)
    0x08000166   0x08000166   0x00000000   Code   RO         4776    .ARM.Collect$$libshutdown$$00000011  c_w.l(libshutdown2.o)
    0x08000166   0x08000166   0x00000002   Code   RO         4777    .ARM.Collect$$libshutdown$$00000012  c_w.l(libshutdown2.o)
    0x08000168   0x08000168   0x00000000   Code   RO         4498    .ARM.Collect$$rtentry$$00000000  c_w.l(__rtentry.o)
    0x08000168   0x08000168   0x00000000   Code   RO         4569    .ARM.Collect$$rtentry$$00000002  c_w.l(__rtentry2.o)
    0x08000168   0x08000168   0x00000006   Code   RO         4581    .ARM.Collect$$rtentry$$00000004  c_w.l(__rtentry4.o)
    0x0800016e   0x0800016e   0x00000000   Code   RO         4571    .ARM.Collect$$rtentry$$00000009  c_w.l(__rtentry2.o)
    0x0800016e   0x0800016e   0x00000004   Code   RO         4572    .ARM.Collect$$rtentry$$0000000A  c_w.l(__rtentry2.o)
    0x08000172   0x08000172   0x00000000   Code   RO         4574    .ARM.Collect$$rtentry$$0000000C  c_w.l(__rtentry2.o)
    0x08000172   0x08000172   0x00000008   Code   RO         4575    .ARM.Collect$$rtentry$$0000000D  c_w.l(__rtentry2.o)
    0x0800017a   0x0800017a   0x00000002   Code   RO         4785    .ARM.Collect$$rtexit$$00000000  c_w.l(rtexit.o)
    0x0800017c   0x0800017c   0x00000000   Code   RO         4849    .ARM.Collect$$rtexit$$00000002  c_w.l(rtexit2.o)
    0x0800017c   0x0800017c   0x00000004   Code   RO         4850    .ARM.Collect$$rtexit$$00000003  c_w.l(rtexit2.o)
    0x08000180   0x08000180   0x00000006   Code   RO         4851    .ARM.Collect$$rtexit$$00000004  c_w.l(rtexit2.o)
    0x08000186   0x08000186   0x00000002   PAD
    0x08000188   0x08000188   0x00000040   Code   RO            4    .text               startup_stm32f10x_md.o
    0x080001c8   0x080001c8   0x00000048   Code   RO         4361    .text               c_w.l(llsdiv.o)
    0x08000210   0x08000210   0x00000058   Code   RO         4414    .text               c_w.l(memcmp.o)
    0x08000268   0x08000268   0x00000010   Code   RO         4416    .text               c_w.l(aeabi_memset.o)
    0x08000278   0x08000278   0x00000006   Code   RO         4418    .text               c_w.l(heapauxi.o)
    0x0800027e   0x0800027e   0x000000ee   Code   RO         4499    .text               c_w.l(lludivv7m.o)
    0x0800036c   0x0800036c   0x00000016   Code   RO         4501    .text               c_w.l(_rserrno.o)
    0x08000382   0x08000382   0x00000044   Code   RO         4514    .text               c_w.l(rt_memclr.o)
    0x080003c6   0x080003c6   0x00000002   PAD
    0x080003c8   0x080003c8   0x00000008   Code   RO         4590    .text               c_w.l(rt_errno_addr_intlibspace.o)
    0x080003d0   0x080003d0   0x0000004e   Code   RO         4608    .text               c_w.l(rt_memclr_w.o)
    0x0800041e   0x0800041e   0x00000002   PAD
    0x08000420   0x08000420   0x00000008   Code   RO         4623    .text               c_w.l(libspace.o)
    0x08000428   0x08000428   0x0000004a   Code   RO         4628    .text               c_w.l(sys_stackheap_outer.o)
    0x08000472   0x08000472   0x00000012   Code   RO         4703    .text               c_w.l(exit.o)
    0x08000484   0x08000484   0x00000002   Code   RO         4782    .text               c_w.l(use_no_semi.o)
    0x08000486   0x08000486   0x00000000   Code   RO         4784    .text               c_w.l(indicate_semi.o)
    0x08000486   0x08000486   0x00000002   PAD
    0x08000488   0x08000488   0x0000000c   Code   RO         4846    .text               c_w.l(sys_exit.o)
    0x08000494   0x08000494   0x0000000c   Code   RO         4174    i.BT_GetRxData      bluetooth.o
    0x080004a0   0x080004a0   0x0000001c   Code   RO         4175    i.BT_GetRxFlag      bluetooth.o
    0x080004bc   0x080004bc   0x00000020   Code   RO         4176    i.BT_SendByte       bluetooth.o
    0x080004dc   0x080004dc   0x000000b8   Code   RO         4177    i.Bluetooth_Init    bluetooth.o
    0x08000594   0x08000594   0x00000004   Code   RO         4296    i.BusFault_Handler  stm32f10x_it.o
    0x08000598   0x08000598   0x00000002   Code   RO         4297    i.DebugMon_Handler  stm32f10x_it.o
    0x0800059a   0x0800059a   0x0000001a   Code   RO         4041    i.EncoderLeft_Get   encoder.o
    0x080005b4   0x080005b4   0x0000001c   Code   RO         4042    i.EncoderRight_Get  encoder.o
    0x080005d0   0x080005d0   0x00000150   Code   RO         4043    i.Encoder_Init      encoder.o
    0x08000720   0x08000720   0x00000116   Code   RO         1347    i.GPIO_Init         stm32f10x_gpio.o
    0x08000836   0x08000836   0x00000004   Code   RO         1354    i.GPIO_ResetBits    stm32f10x_gpio.o
    0x0800083a   0x0800083a   0x00000004   Code   RO         1355    i.GPIO_SetBits      stm32f10x_gpio.o
    0x0800083e   0x0800083e   0x0000000a   Code   RO         1358    i.GPIO_WriteBit     stm32f10x_gpio.o
    0x08000848   0x08000848   0x00000004   Code   RO         4298    i.HardFault_Handler  stm32f10x_it.o
    0x0800084c   0x0800084c   0x0000004c   Code   RO         4244    i.Key_Init          key.o
    0x08000898   0x08000898   0x0000003c   Code   RO         4065    i.MPU6050_Data_read  motor.o
    0x080008d4   0x080008d4   0x00000050   Code   RO         3360    i.MPU_Get_Gyroscope  mpu6050.o
    0x08000924   0x08000924   0x0000004c   Code   RO         3449    i.MPU_IIC_Ack       mpuiic.o
    0x08000970   0x08000970   0x0000000a   Code   RO         3450    i.MPU_IIC_Delay     mpuiic.o
    0x0800097a   0x0800097a   0x00000002   PAD
    0x0800097c   0x0800097c   0x00000038   Code   RO         3451    i.MPU_IIC_Init      mpuiic.o
    0x080009b4   0x080009b4   0x0000004c   Code   RO         3452    i.MPU_IIC_NAck      mpuiic.o
    0x08000a00   0x08000a00   0x0000006c   Code   RO         3453    i.MPU_IIC_Read_Byte  mpuiic.o
    0x08000a6c   0x08000a6c   0x0000005c   Code   RO         3454    i.MPU_IIC_Send_Byte  mpuiic.o
    0x08000ac8   0x08000ac8   0x00000048   Code   RO         3455    i.MPU_IIC_Start     mpuiic.o
    0x08000b10   0x08000b10   0x00000048   Code   RO         3456    i.MPU_IIC_Stop      mpuiic.o
    0x08000b58   0x08000b58   0x00000064   Code   RO         3457    i.MPU_IIC_Wait_Ack  mpuiic.o
    0x08000bbc   0x08000bbc   0x00000084   Code   RO         3362    i.MPU_Init          mpu6050.o
    0x08000c40   0x08000c40   0x0000003a   Code   RO         3363    i.MPU_Read_Byte     mpu6050.o
    0x08000c7a   0x08000c7a   0x00000074   Code   RO         3364    i.MPU_Read_Len      mpu6050.o
    0x08000cee   0x08000cee   0x00000010   Code   RO         3365    i.MPU_Set_Accel_Fsr  mpu6050.o
    0x08000cfe   0x08000cfe   0x00000010   Code   RO         3366    i.MPU_Set_Gyro_Fsr  mpu6050.o
    0x08000d0e   0x08000d0e   0x0000003a   Code   RO         3367    i.MPU_Set_LPF       mpu6050.o
    0x08000d48   0x08000d48   0x0000003a   Code   RO         3368    i.MPU_Set_Rate      mpu6050.o
    0x08000d82   0x08000d82   0x00000044   Code   RO         3369    i.MPU_Write_Byte    mpu6050.o
    0x08000dc6   0x08000dc6   0x00000060   Code   RO         3370    i.MPU_Write_Len     mpu6050.o
    0x08000e26   0x08000e26   0x00000004   Code   RO         4299    i.MemManage_Handler  stm32f10x_it.o
    0x08000e2a   0x08000e2a   0x00000002   PAD
    0x08000e2c   0x08000e2c   0x0000001c   Code   RO         4066    i.Moto_Speed_Read   motor.o
    0x08000e48   0x08000e48   0x00000074   Code   RO         4067    i.Motor1_SetSpeed   motor.o
    0x08000ebc   0x08000ebc   0x00000074   Code   RO         4068    i.Motor2_SetSpeed   motor.o
    0x08000f30   0x08000f30   0x0000010c   Code   RO         4069    i.Motor_Init        motor.o
    0x0800103c   0x0800103c   0x00000018   Code   RO         4070    i.Motor_xianfu      motor.o
    0x08001054   0x08001054   0x00000002   Code   RO         4300    i.NMI_Handler       stm32f10x_it.o
    0x08001056   0x08001056   0x00000002   PAD
    0x08001058   0x08001058   0x00000070   Code   RO          137    i.NVIC_Init         misc.o
    0x080010c8   0x080010c8   0x00000014   Code   RO          138    i.NVIC_PriorityGroupConfig  misc.o
    0x080010dc   0x080010dc   0x0000002a   Code   RO         3251    i.OLED_Clear        oled.o
    0x08001106   0x08001106   0x00000002   PAD
    0x08001108   0x08001108   0x00000050   Code   RO         3252    i.OLED_I2C_Init     oled.o
    0x08001158   0x08001158   0x00000054   Code   RO         3253    i.OLED_I2C_SendByte  oled.o
    0x080011ac   0x080011ac   0x00000034   Code   RO         3254    i.OLED_I2C_Start    oled.o
    0x080011e0   0x080011e0   0x00000028   Code   RO         3255    i.OLED_I2C_Stop     oled.o
    0x08001208   0x08001208   0x000000ae   Code   RO         3256    i.OLED_Init         oled.o
    0x080012b6   0x080012b6   0x00000014   Code   RO         3257    i.OLED_Pow          oled.o
    0x080012ca   0x080012ca   0x00000022   Code   RO         3258    i.OLED_SetCursor    oled.o
    0x080012ec   0x080012ec   0x00000074   Code   RO         3260    i.OLED_ShowChar     oled.o
    0x08001360   0x08001360   0x00000054   Code   RO         3261    i.OLED_ShowHexNum   oled.o
    0x080013b4   0x080013b4   0x00000044   Code   RO         3262    i.OLED_ShowNum      oled.o
    0x080013f8   0x080013f8   0x00000066   Code   RO         3263    i.OLED_ShowSignedNum  oled.o
    0x0800145e   0x0800145e   0x00000028   Code   RO         3264    i.OLED_ShowString   oled.o
    0x08001486   0x08001486   0x00000020   Code   RO         3265    i.OLED_WriteCommand  oled.o
    0x080014a6   0x080014a6   0x00000020   Code   RO         3266    i.OLED_WriteData    oled.o
    0x080014c6   0x080014c6   0x00000002   Code   RO         4301    i.PendSV_Handler    stm32f10x_it.o
    0x080014c8   0x080014c8   0x00000020   Code   RO         1775    i.RCC_APB1PeriphClockCmd  stm32f10x_rcc.o
    0x080014e8   0x080014e8   0x00000020   Code   RO         1777    i.RCC_APB2PeriphClockCmd  stm32f10x_rcc.o
    0x08001508   0x08001508   0x000000d4   Code   RO         1785    i.RCC_GetClocksFreq  stm32f10x_rcc.o
    0x080015dc   0x080015dc   0x00000002   Code   RO         4302    i.SVC_Handler       stm32f10x_it.o
    0x080015de   0x080015de   0x00000008   Code   RO           24    i.SetSysClock       system_stm32f10x.o
    0x080015e6   0x080015e6   0x00000002   PAD
    0x080015e8   0x080015e8   0x000000e0   Code   RO           25    i.SetSysClockTo72   system_stm32f10x.o
    0x080016c8   0x080016c8   0x0000011c   Code   RO         4071    i.Smart_Car_Task    motor.o
    0x080017e4   0x080017e4   0x00000002   Code   RO         4303    i.SysTick_Handler   stm32f10x_it.o
    0x080017e6   0x080017e6   0x00000002   PAD
    0x080017e8   0x080017e8   0x00000060   Code   RO           27    i.SystemInit        system_stm32f10x.o
    0x08001848   0x08001848   0x00000080   Code   RO         2405    i.TI1_Config        stm32f10x_tim.o
    0x080018c8   0x080018c8   0x00000098   Code   RO         2406    i.TI2_Config        stm32f10x_tim.o
    0x08001960   0x08001960   0x00000090   Code   RO         2407    i.TI3_Config        stm32f10x_tim.o
    0x080019f0   0x080019f0   0x00000098   Code   RO         2408    i.TI4_Config        stm32f10x_tim.o
    0x08001a88   0x08001a88   0x00000058   Code   RO         4143    i.TIM1_UP_IRQHandler  time1.o
    0x08001ae0   0x08001ae0   0x00000006   Code   RO         2415    i.TIM_ClearFlag     stm32f10x_tim.o
    0x08001ae6   0x08001ae6   0x00000006   Code   RO         2416    i.TIM_ClearITPendingBit  stm32f10x_tim.o
    0x08001aec   0x08001aec   0x00000018   Code   RO         2421    i.TIM_Cmd           stm32f10x_tim.o
    0x08001b04   0x08001b04   0x00000042   Code   RO         2430    i.TIM_EncoderInterfaceConfig  stm32f10x_tim.o
    0x08001b46   0x08001b46   0x00000006   Code   RO         2440    i.TIM_GetCounter    stm32f10x_tim.o
    0x08001b4c   0x08001b4c   0x000000ac   Code   RO         2444    i.TIM_ICInit        stm32f10x_tim.o
    0x08001bf8   0x08001bf8   0x00000012   Code   RO         2445    i.TIM_ICStructInit  stm32f10x_tim.o
    0x08001c0a   0x08001c0a   0x00000012   Code   RO         2446    i.TIM_ITConfig      stm32f10x_tim.o
    0x08001c1c   0x08001c1c   0x0000000c   Code   RO         2448    i.TIM_InternalClockConfig  stm32f10x_tim.o
    0x08001c28   0x08001c28   0x00000098   Code   RO         2450    i.TIM_OC1Init       stm32f10x_tim.o
    0x08001cc0   0x08001cc0   0x00000012   Code   RO         2453    i.TIM_OC1PreloadConfig  stm32f10x_tim.o
    0x08001cd2   0x08001cd2   0x00000002   PAD
    0x08001cd4   0x08001cd4   0x000000a4   Code   RO         2455    i.TIM_OC2Init       stm32f10x_tim.o
    0x08001d78   0x08001d78   0x0000001a   Code   RO         2458    i.TIM_OC2PreloadConfig  stm32f10x_tim.o
    0x08001d92   0x08001d92   0x00000004   Code   RO         2482    i.TIM_SetCompare1   stm32f10x_tim.o
    0x08001d96   0x08001d96   0x00000004   Code   RO         2483    i.TIM_SetCompare2   stm32f10x_tim.o
    0x08001d9a   0x08001d9a   0x00000004   Code   RO         2486    i.TIM_SetCounter    stm32f10x_tim.o
    0x08001d9e   0x08001d9e   0x00000012   Code   RO         2487    i.TIM_SetIC1Prescaler  stm32f10x_tim.o
    0x08001db0   0x08001db0   0x0000001a   Code   RO         2488    i.TIM_SetIC2Prescaler  stm32f10x_tim.o
    0x08001dca   0x08001dca   0x00000012   Code   RO         2489    i.TIM_SetIC3Prescaler  stm32f10x_tim.o
    0x08001ddc   0x08001ddc   0x0000001a   Code   RO         2490    i.TIM_SetIC4Prescaler  stm32f10x_tim.o
    0x08001df6   0x08001df6   0x00000002   PAD
    0x08001df8   0x08001df8   0x000000a4   Code   RO         2492    i.TIM_TimeBaseInit  stm32f10x_tim.o
    0x08001e9c   0x08001e9c   0x0000007c   Code   RO         4144    i.Time1_Init        time1.o
    0x08001f18   0x08001f18   0x00000038   Code   RO         4178    i.USART3_IRQHandler  bluetooth.o
    0x08001f50   0x08001f50   0x0000001e   Code   RO         2957    i.USART_ClearITPendingBit  stm32f10x_usart.o
    0x08001f6e   0x08001f6e   0x00000018   Code   RO         2960    i.USART_Cmd         stm32f10x_usart.o
    0x08001f86   0x08001f86   0x0000001a   Code   RO         2963    i.USART_GetFlagStatus  stm32f10x_usart.o
    0x08001fa0   0x08001fa0   0x00000054   Code   RO         2964    i.USART_GetITStatus  stm32f10x_usart.o
    0x08001ff4   0x08001ff4   0x0000004a   Code   RO         2966    i.USART_ITConfig    stm32f10x_usart.o
    0x0800203e   0x0800203e   0x00000002   PAD
    0x08002040   0x08002040   0x000000d8   Code   RO         2967    i.USART_Init        stm32f10x_usart.o
    0x08002118   0x08002118   0x0000000a   Code   RO         2974    i.USART_ReceiveData  stm32f10x_usart.o
    0x08002122   0x08002122   0x00000008   Code   RO         2977    i.USART_SendData    stm32f10x_usart.o
    0x0800212a   0x0800212a   0x00000004   Code   RO         4304    i.UsageFault_Handler  stm32f10x_it.o
    0x0800212e   0x0800212e   0x00000028   Code   RO         4555    i.__ARM_fpclassify  m_ws.l(fpclassify.o)
    0x08002156   0x08002156   0x000000aa   Code   RO         4557    i.__kernel_poly     m_ws.l(poly.o)
    0x08002200   0x08002200   0x00000006   Code   RO         4542    i.__mathlib_dbl_infnan  m_ws.l(dunder.o)
    0x08002206   0x08002206   0x00000004   Code   RO         4543    i.__mathlib_dbl_infnan2  m_ws.l(dunder.o)
    0x0800220a   0x0800220a   0x0000000c   Code   RO         4544    i.__mathlib_dbl_invalid  m_ws.l(dunder.o)
    0x08002216   0x08002216   0x00000002   PAD
    0x08002218   0x08002218   0x00000010   Code   RO         4547    i.__mathlib_dbl_underflow  m_ws.l(dunder.o)
    0x08002228   0x08002228   0x000000a8   Code   RO         3509    i.accel_self_test   inv_mpu.o
    0x080022d0   0x080022d0   0x00000270   Code   RO         4481    i.asin              m_ws.l(asin.o)
    0x08002540   0x08002540   0x00000220   Code   RO         4532    i.atan              m_ws.l(atan.o)
    0x08002760   0x08002760   0x0000019c   Code   RO         4491    i.atan2             m_ws.l(atan2.o)
    0x080028fc   0x080028fc   0x00000064   Code   RO         3855    i.decode_gesture    inv_mpu_dmp_motion_driver.o
    0x08002960   0x08002960   0x00000018   Code   RO         3227    i.delay_ms          delay.o
    0x08002978   0x08002978   0x0000002e   Code   RO         3229    i.delay_us          delay.o
    0x080029a6   0x080029a6   0x0000003c   Code   RO         3856    i.dmp_enable_6x_lp_quat  inv_mpu_dmp_motion_driver.o
    0x080029e2   0x080029e2   0x00000002   PAD
    0x080029e4   0x080029e4   0x0000021c   Code   RO         3857    i.dmp_enable_feature  inv_mpu_dmp_motion_driver.o
    0x08002c00   0x08002c00   0x00000058   Code   RO         3858    i.dmp_enable_gyro_cal  inv_mpu_dmp_motion_driver.o
    0x08002c58   0x08002c58   0x0000003c   Code   RO         3859    i.dmp_enable_lp_quat  inv_mpu_dmp_motion_driver.o
    0x08002c94   0x08002c94   0x00000018   Code   RO         3864    i.dmp_load_motion_driver_firmware  inv_mpu_dmp_motion_driver.o
    0x08002cac   0x08002cac   0x000001cc   Code   RO         3865    i.dmp_read_fifo     inv_mpu_dmp_motion_driver.o
    0x08002e78   0x08002e78   0x00000130   Code   RO         3868    i.dmp_set_accel_bias  inv_mpu_dmp_motion_driver.o
    0x08002fa8   0x08002fa8   0x00000070   Code   RO         3869    i.dmp_set_fifo_rate  inv_mpu_dmp_motion_driver.o
    0x08003018   0x08003018   0x00000130   Code   RO         3870    i.dmp_set_gyro_bias  inv_mpu_dmp_motion_driver.o
    0x08003148   0x08003148   0x00000138   Code   RO         3872    i.dmp_set_orientation  inv_mpu_dmp_motion_driver.o
    0x08003280   0x08003280   0x00000038   Code   RO         3875    i.dmp_set_shake_reject_thresh  inv_mpu_dmp_motion_driver.o
    0x080032b8   0x080032b8   0x00000026   Code   RO         3876    i.dmp_set_shake_reject_time  inv_mpu_dmp_motion_driver.o
    0x080032de   0x080032de   0x00000026   Code   RO         3877    i.dmp_set_shake_reject_timeout  inv_mpu_dmp_motion_driver.o
    0x08003304   0x08003304   0x00000046   Code   RO         3878    i.dmp_set_tap_axes  inv_mpu_dmp_motion_driver.o
    0x0800334a   0x0800334a   0x00000026   Code   RO         3879    i.dmp_set_tap_count  inv_mpu_dmp_motion_driver.o
    0x08003370   0x08003370   0x000001a0   Code   RO         3880    i.dmp_set_tap_thresh  inv_mpu_dmp_motion_driver.o
    0x08003510   0x08003510   0x00000026   Code   RO         3881    i.dmp_set_tap_time  inv_mpu_dmp_motion_driver.o
    0x08003536   0x08003536   0x00000026   Code   RO         3882    i.dmp_set_tap_time_multi  inv_mpu_dmp_motion_driver.o
    0x0800355c   0x0800355c   0x000000b4   Code   RO         3510    i.get_accel_prod_shift  inv_mpu.o
    0x08003610   0x08003610   0x0000046c   Code   RO         3511    i.get_st_biases     inv_mpu.o
    0x08003a7c   0x08003a7c   0x00000110   Code   RO         3512    i.gyro_self_test    inv_mpu.o
    0x08003b8c   0x08003b8c   0x00000028   Code   RO         3513    i.inv_orientation_matrix_to_scalar  inv_mpu.o
    0x08003bb4   0x08003bb4   0x0000004e   Code   RO         3514    i.inv_row_2_scale   inv_mpu.o
    0x08003c02   0x08003c02   0x00000002   PAD
    0x08003c04   0x08003c04   0x00000148   Code   RO         4261    i.main              main.o
    0x08003d4c   0x08003d4c   0x00000002   Code   RO         3515    i.mget_ms           inv_mpu.o
    0x08003d4e   0x08003d4e   0x00000002   PAD
    0x08003d50   0x08003d50   0x00000070   Code   RO         3516    i.mpu_configure_fifo  inv_mpu.o
    0x08003dc0   0x08003dc0   0x00000224   Code   RO         3517    i.mpu_dmp_get_data  inv_mpu.o
    0x08003fe4   0x08003fe4   0x00000088   Code   RO         3518    i.mpu_dmp_init      inv_mpu.o
    0x0800406c   0x0800406c   0x0000004c   Code   RO         3519    i.mpu_get_accel_fsr  inv_mpu.o
    0x080040b8   0x080040b8   0x00000054   Code   RO         3521    i.mpu_get_accel_sens  inv_mpu.o
    0x0800410c   0x0800410c   0x00000010   Code   RO         3526    i.mpu_get_fifo_config  inv_mpu.o
    0x0800411c   0x0800411c   0x00000044   Code   RO         3527    i.mpu_get_gyro_fsr  inv_mpu.o
    0x08004160   0x08004160   0x00000050   Code   RO         3529    i.mpu_get_gyro_sens  inv_mpu.o
    0x080041b0   0x080041b0   0x00000050   Code   RO         3531    i.mpu_get_lpf       inv_mpu.o
    0x08004200   0x08004200   0x00000020   Code   RO         3533    i.mpu_get_sample_rate  inv_mpu.o
    0x08004220   0x08004220   0x00000188   Code   RO         3535    i.mpu_init          inv_mpu.o
    0x080043a8   0x080043a8   0x000000b8   Code   RO         3536    i.mpu_load_firmware  inv_mpu.o
    0x08004460   0x08004460   0x000000e0   Code   RO         3537    i.mpu_lp_accel_mode  inv_mpu.o
    0x08004540   0x08004540   0x000000c0   Code   RO         3540    i.mpu_read_fifo_stream  inv_mpu.o
    0x08004600   0x08004600   0x00000080   Code   RO         3541    i.mpu_read_mem      inv_mpu.o
    0x08004680   0x08004680   0x000001c8   Code   RO         3544    i.mpu_reset_fifo    inv_mpu.o
    0x08004848   0x08004848   0x0000011c   Code   RO         3545    i.mpu_run_self_test  inv_mpu.o
    0x08004964   0x08004964   0x00000084   Code   RO         3547    i.mpu_set_accel_fsr  inv_mpu.o
    0x080049e8   0x080049e8   0x0000014c   Code   RO         3548    i.mpu_set_bypass    inv_mpu.o
    0x08004b34   0x08004b34   0x00000090   Code   RO         3550    i.mpu_set_dmp_state  inv_mpu.o
    0x08004bc4   0x08004bc4   0x00000088   Code   RO         3551    i.mpu_set_gyro_fsr  inv_mpu.o
    0x08004c4c   0x08004c4c   0x0000006c   Code   RO         3552    i.mpu_set_int_latched  inv_mpu.o
    0x08004cb8   0x08004cb8   0x00000084   Code   RO         3554    i.mpu_set_lpf       inv_mpu.o
    0x08004d3c   0x08004d3c   0x0000009c   Code   RO         3555    i.mpu_set_sample_rate  inv_mpu.o
    0x08004dd8   0x08004dd8   0x000000d0   Code   RO         3556    i.mpu_set_sensors   inv_mpu.o
    0x08004ea8   0x08004ea8   0x00000080   Code   RO         3557    i.mpu_write_mem     inv_mpu.o
    0x08004f28   0x08004f28   0x00000098   Code   RO         3558    i.run_self_test     inv_mpu.o
    0x08004fc0   0x08004fc0   0x00000090   Code   RO         3559    i.set_int_enable    inv_mpu.o
    0x08005050   0x08005050   0x0000004c   Code   RO         4561    i.sqrt              m_ws.l(sqrt.o)
    0x0800509c   0x0800509c   0x0000012c   Code   RO         4072    i.sudu              motor.o
    0x080051c8   0x080051c8   0x0000004c   Code   RO         4073    i.zhili             motor.o
    0x08005214   0x08005214   0x00000050   Code   RO         4074    i.zhuan             motor.o
    0x08005264   0x08005264   0x00000062   Code   RO         4422    x$fpl$d2f           fz_ws.l(d2f.o)
    0x080052c6   0x080052c6   0x00000002   PAD
    0x080052c8   0x080052c8   0x00000150   Code   RO         4424    x$fpl$dadd          fz_ws.l(daddsub_clz.o)
    0x08005418   0x08005418   0x00000010   Code   RO         4610    x$fpl$dcheck1       fz_ws.l(dcheck1.o)
    0x08005428   0x08005428   0x00000018   Code   RO         4612    x$fpl$dcmpinf       fz_ws.l(dcmpi.o)
    0x08005440   0x08005440   0x000002b0   Code   RO         4431    x$fpl$ddiv          fz_ws.l(ddiv.o)
    0x080056f0   0x080056f0   0x00000078   Code   RO         4516    x$fpl$deqf          fz_ws.l(deqf.o)
    0x08005768   0x08005768   0x0000005e   Code   RO         4434    x$fpl$dfix          fz_ws.l(dfix.o)
    0x080057c6   0x080057c6   0x0000002e   Code   RO         4439    x$fpl$dflt          fz_ws.l(dflt_clz.o)
    0x080057f4   0x080057f4   0x00000154   Code   RO         4444    x$fpl$dmul          fz_ws.l(dmul.o)
    0x08005948   0x08005948   0x0000009c   Code   RO         4518    x$fpl$dnaninf       fz_ws.l(dnaninf.o)
    0x080059e4   0x080059e4   0x0000000c   Code   RO         4520    x$fpl$dretinf       fz_ws.l(dretinf.o)
    0x080059f0   0x080059f0   0x00000016   Code   RO         4425    x$fpl$drsb          fz_ws.l(daddsub_clz.o)
    0x08005a06   0x08005a06   0x00000002   PAD
    0x08005a08   0x08005a08   0x000001cc   Code   RO         4616    x$fpl$dsqrt         fz_ws.l(dsqrt_noumaal.o)
    0x08005bd4   0x08005bd4   0x000001d4   Code   RO         4426    x$fpl$dsub          fz_ws.l(daddsub_clz.o)
    0x08005da8   0x08005da8   0x00000056   Code   RO         4446    x$fpl$f2d           fz_ws.l(f2d.o)
    0x08005dfe   0x08005dfe   0x00000002   PAD
    0x08005e00   0x08005e00   0x000000c4   Code   RO         4448    x$fpl$fadd          fz_ws.l(faddsub_clz.o)
    0x08005ec4   0x08005ec4   0x00000018   Code   RO         4522    x$fpl$fcmpinf       fz_ws.l(fcmpi.o)
    0x08005edc   0x08005edc   0x00000184   Code   RO         4455    x$fpl$fdiv          fz_ws.l(fdiv.o)
    0x08006060   0x08006060   0x00000068   Code   RO         4458    x$fpl$feqf          fz_ws.l(feqf.o)
    0x080060c8   0x080060c8   0x00000036   Code   RO         4460    x$fpl$ffix          fz_ws.l(ffix.o)
    0x080060fe   0x080060fe   0x00000002   PAD
    0x08006100   0x08006100   0x0000003e   Code   RO         4464    x$fpl$ffixu         fz_ws.l(ffixu.o)
    0x0800613e   0x0800613e   0x00000002   PAD
    0x08006140   0x08006140   0x00000030   Code   RO         4469    x$fpl$fflt          fz_ws.l(fflt_clz.o)
    0x08006170   0x08006170   0x00000026   Code   RO         4468    x$fpl$ffltu         fz_ws.l(fflt_clz.o)
    0x08006196   0x08006196   0x00000002   PAD
    0x08006198   0x08006198   0x00000068   Code   RO         4474    x$fpl$fleqf         fz_ws.l(fleqf.o)
    0x08006200   0x08006200   0x00000102   Code   RO         4476    x$fpl$fmul          fz_ws.l(fmul.o)
    0x08006302   0x08006302   0x0000008c   Code   RO         4524    x$fpl$fnaninf       fz_ws.l(fnaninf.o)
    0x0800638e   0x0800638e   0x0000000a   Code   RO         4526    x$fpl$fretinf       fz_ws.l(fretinf.o)
    0x08006398   0x08006398   0x00000062   Code   RO         4478    x$fpl$frleqf        fz_ws.l(frleqf.o)
    0x080063fa   0x080063fa   0x00000014   Code   RO         4449    x$fpl$frsb          fz_ws.l(faddsub_clz.o)
    0x0800640e   0x0800640e   0x00000002   PAD
    0x08006410   0x08006410   0x000000ea   Code   RO         4450    x$fpl$fsub          fz_ws.l(faddsub_clz.o)
    0x080064fa   0x080064fa   0x00000064   Code   RO         4780    x$fpl$retnan        fz_ws.l(retnan.o)
    0x0800655e   0x0800655e   0x0000005c   Code   RO         4528    x$fpl$scalbn        fz_ws.l(scalbn.o)
    0x080065ba   0x080065ba   0x00000030   Code   RO         4844    x$fpl$trapveneer    fz_ws.l(trapv.o)
    0x080065ea   0x080065ea   0x00000000   Code   RO         4530    x$fpl$usenofp       fz_ws.l(usenofp.o)
    0x080065ea   0x080065ea   0x000005f0   Data   RO         3267    .constdata          oled.o
    0x08006bda   0x08006bda   0x00000002   PAD
    0x08006bdc   0x08006bdc   0x00000050   Data   RO         3561    .constdata          inv_mpu.o
    0x08006c2c   0x08006c2c   0x00000bf6   Data   RO         3884    .constdata          inv_mpu_dmp_motion_driver.o
    0x08007822   0x08007822   0x00000006   PAD
    0x08007828   0x08007828   0x00000050   Data   RO         4482    .constdata          m_ws.l(asin.o)
    0x08007878   0x08007878   0x00000098   Data   RO         4533    .constdata          m_ws.l(atan.o)
    0x08007910   0x08007910   0x00000008   Data   RO         4559    .constdata          m_ws.l(qnan.o)
    0x08007918   0x08007918   0x00000020   Data   RO         4927    Region$$Table       anon$$obj.o


    Execution Region RW_IRAM1 (Exec base: 0x20000000, Load base: 0x08007938, Size: 0x00000738, Max: 0x00005000, ABSOLUTE)

    Exec Addr    Load Addr    Size         Type   Attr      Idx    E Section Name        Object

    0x20000000   0x08007938   0x00000014   Data   RW         1805    .data               stm32f10x_rcc.o
    0x20000014   0x0800794c   0x00000035   Data   RW         3562    .data               inv_mpu.o
    0x20000049   0x08007981   0x00000003   PAD
    0x2000004c   0x08007984   0x00000068   Data   RW         4075    .data               motor.o
    0x200000b4   0x080079ec   0x00000004   Data   RW         4145    .data               time1.o
    0x200000b8   0x080079f0   0x00000002   Data   RW         4179    .data               bluetooth.o
    0x200000ba   0x080079f2   0x00000002   PAD
    0x200000bc   0x080079f4   0x00000005   Data   RW         4262    .data               main.o
    0x200000c1   0x080079f9   0x00000003   PAD
    0x200000c4        -       0x00000010   Zero   RW         3883    .bss                inv_mpu_dmp_motion_driver.o
    0x200000d4        -       0x00000060   Zero   RW         4624    .bss                c_w.l(libspace.o)
    0x20000134   0x080079f9   0x00000004   PAD
    0x20000138        -       0x00000200   Zero   RW            2    HEAP                startup_stm32f10x_md.o
    0x20000338        -       0x00000400   Zero   RW            1    STACK               startup_stm32f10x_md.o


==============================================================================

Image component sizes


      Code (inc. data)   RO Data    RW Data    ZI Data      Debug   Object Name

       312         38          0          2          0       2827   bluetooth.o
         0          0          0          0          0       4500   core_cm3.o
        70          0          0          0          0        938   delay.o
       390         18          0          0          0       1752   encoder.o
      6736        210         80         53          0      30992   inv_mpu.o
      3096        122       3062          0         16      20630   inv_mpu_dmp_motion_driver.o
        76          8          0          0          0        487   key.o
       328         46          0          5          0        814   main.o
       132         22          0          0          0     204783   misc.o
      1352        202          0        104          0       6730   motor.o
       698          4          0          0          0       6811   mpu6050.o
       662        100          0          0          0       4786   mpuiic.o
      1000         22       1520          0          0       9088   oled.o
        64         26        236          0       1536        816   startup_stm32f10x_md.o
         0          0          0          0          0       1664   stm32f10x_adc.o
       296          0          0          0          0      11788   stm32f10x_gpio.o
        26          0          0          0          0       3802   stm32f10x_it.o
       276         32          0         20          0      13018   stm32f10x_rcc.o
      1528        180          0          0          0      35567   stm32f10x_tim.o
       472          6          0          0          0      12547   stm32f10x_usart.o
       328         28          0          0          0      45269   system_stm32f10x.o
       212         16          0          4          0       1316   time1.o

    ----------------------------------------------------------------------
     18078       1080       4938        196       1552     420925   Object Totals
         0          0         32          0          0          0   (incl. Generated)
        24          0          8          8          0          0   (incl. Padding)

    ----------------------------------------------------------------------

      Code (inc. data)   RO Data    RW Data    ZI Data      Debug   Library Member Name

         8          0          0          0          0         68   __main.o
         0          0          0          0          0          0   __rtentry.o
        12          0          0          0          0          0   __rtentry2.o
         6          0          0          0          0          0   __rtentry4.o
        52          8          0          0          0          0   __scatter.o
        26          0          0          0          0          0   __scatter_copy.o
        28          0          0          0          0          0   __scatter_zi.o
        22          0          0          0          0        100   _rserrno.o
        16          0          0          0          0         68   aeabi_memset.o
        18          0          0          0          0         80   exit.o
         6          0          0          0          0        152   heapauxi.o
         0          0          0          0          0          0   indicate_semi.o
         2          0          0          0          0          0   libinit.o
         2          0          0          0          0          0   libinit2.o
         2          0          0          0          0          0   libshutdown.o
         2          0          0          0          0          0   libshutdown2.o
         8          4          0          0         96         68   libspace.o
        72          0          0          0          0         76   llsdiv.o
       238          0          0          0          0        100   lludivv7m.o
        88          0          0          0          0         76   memcmp.o
         8          4          0          0          0         68   rt_errno_addr_intlibspace.o
        68          0          0          0          0         68   rt_memclr.o
        78          0          0          0          0         80   rt_memclr_w.o
         2          0          0          0          0          0   rtexit.o
        10          0          0          0          0          0   rtexit2.o
        12          4          0          0          0         68   sys_exit.o
        74          0          0          0          0         80   sys_stackheap_outer.o
         2          0          0          0          0         68   use_no_semi.o
        98          4          0          0          0         92   d2f.o
       826         16          0          0          0        348   daddsub_clz.o
        16          4          0          0          0         68   dcheck1.o
        24          0          0          0          0         68   dcmpi.o
       688        140          0          0          0        208   ddiv.o
       120          4          0          0          0         92   deqf.o
        94          4          0          0          0         92   dfix.o
        46          0          0          0          0         68   dflt_clz.o
       340         12          0          0          0        104   dmul.o
       156          4          0          0          0         92   dnaninf.o
        12          0          0          0          0         68   dretinf.o
       460         56          0          0          0        120   dsqrt_noumaal.o
        86          4          0          0          0         84   f2d.o
       450          8          0          0          0        236   faddsub_clz.o
        24          0          0          0          0         68   fcmpi.o
       388         76          0          0          0         96   fdiv.o
       104          4          0          0          0         84   feqf.o
        54          4          0          0          0         84   ffix.o
        62          4          0          0          0         84   ffixu.o
        86          0          0          0          0        136   fflt_clz.o
       104          4          0          0          0         84   fleqf.o
       258          4          0          0          0         84   fmul.o
       140          4          0          0          0         84   fnaninf.o
        10          0          0          0          0         68   fretinf.o
        98          0          0          0          0         68   frleqf.o
       100          0          0          0          0         68   retnan.o
        92          0          0          0          0         68   scalbn.o
        48          0          0          0          0         68   trapv.o
         0          0          0          0          0          0   usenofp.o
       624         52         80          0          0        168   asin.o
       544         70        152          0          0        124   atan.o
       412         38          0          0          0        144   atan2.o
        38          6          0          0          0        272   dunder.o
        40          0          0          0          0         68   fpclassify.o
       170          0          0          0          0         96   poly.o
         0          0          8          0          0          0   qnan.o
        76          0          0          0          0         84   sqrt.o

    ----------------------------------------------------------------------
      7776        542        240          0        100       5060   Library Totals
        26          0          0          0          4          0   (incl. Padding)

    ----------------------------------------------------------------------

      Code (inc. data)   RO Data    RW Data    ZI Data      Debug   Library Name

       862         20          0          0         96       1220   c_w.l
      4984        356          0          0          0       2884   fz_ws.l
      1904        166        240          0          0        956   m_ws.l

    ----------------------------------------------------------------------
      7776        542        240          0        100       5060   Library Totals

    ----------------------------------------------------------------------

==============================================================================


      Code (inc. data)   RO Data    RW Data    ZI Data      Debug   

     25854       1622       5178        196       1652     414801   Grand Totals
     25854       1622       5178        196       1652     414801   ELF Image Totals
     25854       1622       5178        196          0          0   ROM Totals

==============================================================================

    Total RO  Size (Code + RO Data)                31032 (  30.30kB)
    Total RW  Size (RW Data + ZI Data)              1848 (   1.80kB)
    Total ROM Size (Code + RO Data + RW Data)      31228 (  30.50kB)

==============================================================================

