*** Using Compiler 'V5.06 update 7 (build 960)', folder: 'D:\keil5\ARM\ARMCC\Bin'
Build target 'Target 1'
assembling startup_stm32f10x_md.s...
compiling stm32f10x_cec.c...
compiling stm32f10x_adc.c...
compiling stm32f10x_exti.c...
compiling stm32f10x_crc.c...
compiling stm32f10x_can.c...
compiling system_stm32f10x.c...
compiling stm32f10x_dma.c...
compiling stm32f10x_dbgmcu.c...
compiling stm32f10x_dac.c...
compiling misc.c...
compiling stm32f10x_bkp.c...
compiling stm32f10x_flash.c...
compiling core_cm3.c...
compiling stm32f10x_fsmc.c...
compiling stm32f10x_gpio.c...
compiling stm32f10x_i2c.c...
compiling stm32f10x_iwdg.c...
compiling stm32f10x_rcc.c...
compiling stm32f10x_pwr.c...
compiling stm32f10x_sdio.c...
compiling stm32f10x_rtc.c...
compiling stm32f10x_wwdg.c...
compiling stm32f10x_spi.c...
compiling stm32f10x_usart.c...
compiling delay.c...
compiling OLED.c...
compiling stm32f10x_tim.c...
compiling mpuiic.c...
compiling mpu6050.c...
compiling inv_mpu_dmp_motion_driver.c...
compiling inv_mpu.c...
compiling Encoder.c...
Hardware\Encoder.c(90): warning:  #1-D: last line of file ends without a newline
  }
Hardware\Encoder.c: 1 warning, 0 errors
compiling sys.c...
compiling Motor.c...
Hardware\Encoder.h(7): warning:  #1-D: last line of file ends without a newline
  #endif
Hardware\Motor.c(250): warning:  #1-D: last line of file ends without a newline
  }
Hardware\Motor.c: 2 warnings, 0 errors
compiling Time1.c...
Hardware\Motor.h(42): warning:  #1-D: last line of file ends without a newline
  #endif
Hardware\Time1.c(61): warning:  #1-D: last line of file ends without a newline
  }
Hardware\Time1.c: 2 warnings, 0 errors
compiling Bluetooth.c...
compiling LED.c...
compiling Key.c...
compiling stm32f10x_it.c...
compiling main.c...
.\Hardware\Encoder.h(7): warning:  #1-D: last line of file ends without a newline
  #endif
.\Hardware\Motor.h(42): warning:  #1-D: last line of file ends without a newline
  #endif
.\Hardware\Time1.h(9): warning:  #1-D: last line of file ends without a newline
  #endif
.\Hardware\Bluetooth.h(9): warning:  #1-D: last line of file ends without a newline
  #endif
User\main.c: 4 warnings, 0 errors
linking...
Program Size: Code=25854 RO-data=5178 RW-data=196 ZI-data=1652  
".\Objects\Project.axf" - 0 Error(s), 9 Warning(s).
Build Time Elapsed:  00:00:05
